
> pmds-hub@20.1.0 build:storybook
> nx build-storybook pmds-hub-storybook


> nx run pmds-hub-storybook:build-storybook

info => Cleaning outputDir: [36mdist/storybook/pmds-hub-storybook[39m
info => Loading presets
info
 => Building manager..
info => Manager built ([38;2;181;126;229m118 ms[39m)
info => Building preview..
info Addon-docs: using MDX3
info => Using implicit CSS loaders
info => Using angular browser target options from "pmds-hub-storybook:build"
info => Using angular project with "tsConfig:/Users/pmarzoa/Documents/dev/pagonxt/nxtds-hub/apps/pmds-hub-storybook/.storybook/tsconfig.json"
Browserslist: browsers data (caniuse-lite) is 8 months old. Please run:
  npx update-browserslist-db@latest
  Why you should do it regularly: https://github.com/browserslist/update-db#readme
info => Using default Webpack5 setup
<s> [webpack.Progress] 0% 
<s> [webpack.Progress] 1% setup before run
<s> [webpack.Progress] 1% setup before run NodeEnvironmentPlugin
<s> [webpack.Progress] 1% setup before run
<s> [webpack.Progress] 2% setup run
<s> [webpack.Progress] 2% setup run
<s> [webpack.Progress] 4% setup normal module factory
<s> [webpack.Progress] 4% setup normal module factory NormalModuleReplacementPlugin
<s> [webpack.Progress] 4% setup normal module factory CaseSensitivePathsPlugin
<s> [webpack.Progress] 4% setup normal module factory
<s> [webpack.Progress] 5% setup context module factory
<s> [webpack.Progress] 5% setup context module factory
<s> [webpack.Progress] 6% setup before compile
<s> [webpack.Progress] 6% setup before compile angular-compiler
<s> [webpack.Progress] 6% setup before compile ProgressPlugin
<s> [webpack.Progress] 6% setup before compile
<s> [webpack.Progress] 7% setup compile
<s> [webpack.Progress] 7% setup compile ExternalsPlugin
<s> [webpack.Progress] 7% setup compile ExternalsPlugin
<s> [webpack.Progress] 7% setup compile
<s> [webpack.Progress] 8% setup compilation
<s> [webpack.Progress] 8% setup compilation angular-occurrences-plugin
<s> [webpack.Progress] 8% setup compilation angular-compiler
<s> [webpack.Progress] 8% setup compilation styles-webpack-plugin
<s> [webpack.Progress] 8% setup compilation mini-css-extract-plugin
<s> [webpack.Progress] 8% setup compilation HtmlWebpackPlugin
<s> [webpack.Progress] 8% setup compilation unplugin-csf
<s> [webpack.Progress] 8% setup compilation storybook-normalize-angular-entry-plugin
<s> [webpack.Progress] 8% setup compilation ArrayPushCallbackChunkFormatPlugin
<s> [webpack.Progress] 8% setup compilation JsonpChunkLoadingPlugin
<s> [webpack.Progress] 8% setup compilation StartupChunkDependenciesPlugin
<s> [webpack.Progress] 8% setup compilation ImportScriptsChunkLoadingPlugin
<s> [webpack.Progress] 8% setup compilation WorkerPlugin
<s> [webpack.Progress] 8% setup compilation SplitChunksPlugin
<s> [webpack.Progress] 8% setup compilation RuntimeChunkPlugin
<s> [webpack.Progress] 8% setup compilation ResolverCachePlugin
<s> [webpack.Progress] 8% setup compilation
<s> [webpack.Progress] 9% setup compilation
<s> [webpack.Progress] 9% setup compilation named-chunks-plugin
<s> [webpack.Progress] 9% setup compilation DedupeModuleResolvePlugin
<s> [webpack.Progress] 9% setup compilation AnyComponentStyleBudgetChecker
<s> [webpack.Progress] 9% setup compilation mini-css-extract-plugin
<s> [webpack.Progress] 9% setup compilation SuppressExtractedTextChunks
<s> [webpack.Progress] 9% setup compilation DefinePlugin
<s> [webpack.Progress] 9% setup compilation ProvidePlugin
<s> [webpack.Progress] 9% setup compilation ProgressPlugin
<s> [webpack.Progress] 9% setup compilation DefinePlugin
<s> [webpack.Progress] 9% setup compilation ChunkPrefetchPreloadPlugin
<s> [webpack.Progress] 9% setup compilation SourceMapDevToolPlugin
<s> [webpack.Progress] 9% setup compilation JavascriptModulesPlugin
<s> [webpack.Progress] 9% setup compilation JsonModulesPlugin
<s> [webpack.Progress] 9% setup compilation AssetModulesPlugin
<s> [webpack.Progress] 9% setup compilation DynamicEntryPlugin
<s> [webpack.Progress] 9% setup compilation RuntimePlugin
<s> [webpack.Progress] 9% setup compilation InferAsyncModulesPlugin
<s> [webpack.Progress] 9% setup compilation DataUriPlugin
<s> [webpack.Progress] 9% setup compilation FileUriPlugin
<s> [webpack.Progress] 9% setup compilation CompatibilityPlugin
<s> [webpack.Progress] 9% setup compilation HarmonyModulesPlugin
<s> [webpack.Progress] 9% setup compilation AMDPlugin
<s> [webpack.Progress] 9% setup compilation RequireJsStuffPlugin
<s> [webpack.Progress] 9% setup compilation CommonJsPlugin
<s> [webpack.Progress] 9% setup compilation LoaderPlugin
<s> [webpack.Progress] 9% setup compilation LoaderPlugin
<s> [webpack.Progress] 9% setup compilation NodeStuffPlugin
<s> [webpack.Progress] 9% setup compilation APIPlugin
<s> [webpack.Progress] 9% setup compilation ExportsInfoApiPlugin
<s> [webpack.Progress] 9% setup compilation WebpackIsIncludedPlugin
<s> [webpack.Progress] 9% setup compilation ConstPlugin
<s> [webpack.Progress] 9% setup compilation UseStrictPlugin
<s> [webpack.Progress] 9% setup compilation RequireIncludePlugin
<s> [webpack.Progress] 9% setup compilation RequireEnsurePlugin
<s> [webpack.Progress] 9% setup compilation RequireContextPlugin
<s> [webpack.Progress] 9% setup compilation ImportPlugin
<s> [webpack.Progress] 9% setup compilation ImportMetaContextPlugin
<s> [webpack.Progress] 9% setup compilation SystemPlugin
<s> [webpack.Progress] 9% setup compilation ImportMetaPlugin
<s> [webpack.Progress] 9% setup compilation URLPlugin
<s> [webpack.Progress] 9% setup compilation DefaultStatsFactoryPlugin
<s> [webpack.Progress] 9% setup compilation DefaultStatsPresetPlugin
<s> [webpack.Progress] 9% setup compilation DefaultStatsPrinterPlugin
<s> [webpack.Progress] 9% setup compilation JavascriptMetaInfoPlugin
<s> [webpack.Progress] 9% setup compilation EnsureChunkConditionsPlugin
<s> [webpack.Progress] 9% setup compilation RemoveEmptyChunksPlugin
<s> [webpack.Progress] 9% setup compilation MergeDuplicateChunksPlugin
<s> [webpack.Progress] 9% setup compilation FlagIncludedChunksPlugin
<s> [webpack.Progress] 9% setup compilation SideEffectsFlagPlugin
<s> [webpack.Progress] 9% setup compilation FlagDependencyExportsPlugin
<s> [webpack.Progress] 9% setup compilation FlagDependencyUsagePlugin
<s> [webpack.Progress] 9% setup compilation InnerGraphPlugin
<s> [webpack.Progress] 9% setup compilation MangleExportsPlugin
<s> [webpack.Progress] 9% setup compilation ModuleConcatenationPlugin
<s> [webpack.Progress] 9% setup compilation NoEmitOnErrorsPlugin
<s> [webpack.Progress] 9% setup compilation RealContentHashPlugin
<s> [webpack.Progress] 9% setup compilation WasmFinalizeExportsPlugin
<s> [webpack.Progress] 9% setup compilation NamedModuleIdsPlugin
<s> [webpack.Progress] 9% setup compilation DeterministicChunkIdsPlugin
<s> [webpack.Progress] 9% setup compilation DefinePlugin
<s> [webpack.Progress] 9% setup compilation TerserPlugin
<s> [webpack.Progress] 9% setup compilation TemplatedPathPlugin
<s> [webpack.Progress] 9% setup compilation RecordIdsPlugin
<s> [webpack.Progress] 9% setup compilation WarnCaseSensitiveModulesPlugin
<s> [webpack.Progress] 9% setup compilation IgnoreWarningsPlugin
<s> [webpack.Progress] 9% setup compilation
<s> [webpack.Progress] 10% building
<s> [webpack.Progress] 10% building 0/1 entries 0/0 dependencies 0/0 modules
<s> [webpack.Progress] 10% building import loader ./node_modules/@angular-devkit/build-angular/src/tools/babel/webpack-loader.js
<s> [webpack.Progress] 10% building 0/5 entries 1/5 dependencies 0/1 modules
<s> [webpack.Progress] 10% building import loader ./node_modules/@angular-devkit/build-angular/node_modules/mini-css-extract-plugin/dist/loader.js
<s> [webpack.Progress] 10% building import loader ./node_modules/@angular-devkit/build-angular/node_modules/css-loader/dist/cjs.js
<s> [webpack.Progress] 10% building import loader ./node_modules/postcss-loader/dist/cjs.js
<s> [webpack.Progress] 10% building import loader ./node_modules/resolve-url-loader/index.js
<s> [webpack.Progress] 10% building import loader ./node_modules/@angular-devkit/build-angular/node_modules/sass-loader/dist/cjs.js
<s> [webpack.Progress] 10% building 0/5 entries 5/5 dependencies 0/5 modules
info => Copying static files: [36mapps/pmds-hub-storybook/src/assets[39m at [36mdist/storybook/pmds-hub-storybook/assets[39m
<s> [webpack.Progress] 30% building 1/5 entries 11/24 dependencies 4/11 modules
<s> [webpack.Progress] 28% building 1/5 entries 13/27 dependencies 4/12 modules
<s> [webpack.Progress] 32% building 2/5 entries 14/27 dependencies 5/14 modules
<s> [webpack.Progress] 31% building import loader ./node_modules/@angular-devkit/build-angular/node_modules/@ngtools/webpack/src/ivy/index.js
<s> [webpack.Progress] 31% building 2/5 entries 26/28 dependencies 5/26 modules
<s> [webpack.Progress] 32% building import loader ./node_modules/@storybook/addon-docs/dist/mdx-loader.js
<s> [webpack.Progress] 32% building 2/5 entries 58/73 dependencies 11/47 modules
<s> [webpack.Progress] 33% building 2/5 entries 188/219 dependencies 41/96 modules
<s> [webpack.Progress] 43% building 3/5 entries 202/219 dependencies 43/98 modules
<s> [webpack.Progress] 54% building 4/5 entries 202/219 dependencies 44/98 modules
<s> [webpack.Progress] 54% building 4/5 entries 1100/1120 dependencies 69/489 modules
<s> [webpack.Progress] 53% building import loader ./node_modules/@storybook/csf-plugin/dist/webpack-loader.js
<s> [webpack.Progress] 53% building import loader ./node_modules/@storybook/builder-webpack5/dist/loaders/export-order-loader.js
<s> [webpack.Progress] 53% building 4/5 entries 2249/2304 dependencies 315/687 modules
<s> [webpack.Progress] 54% building 4/5 entries 2341/2380 dependencies 413/700 modules
info => Copying static files: [36mlibs/pm-fuel/src/lib/utils/pmds-util-img-flags/src/assets[39m at [36mdist/storybook/pmds-hub-storybook/assets[39m
<s> [webpack.Progress] 54% building 4/5 entries 2885/2938 dependencies 600/966 modules
<s> [webpack.Progress] 54% building 4/5 entries 3654/3700 dependencies 877/1238 modules
<s> [webpack.Progress] 65% building 5/5 entries 4073/4073 dependencies 1371/1371 modules
<s> [webpack.Progress] 65% building
<s> [webpack.Progress] 69% building finish
<s> [webpack.Progress] 69% building finish
<s> [webpack.Progress] 70% sealing finish module graph
<s> [webpack.Progress] 70% sealing finish module graph angular-compiler
<s> [webpack.Progress] 70% sealing finish module graph ResolverCachePlugin
<s> [webpack.Progress] 70% sealing finish module graph InferAsyncModulesPlugin
<s> [webpack.Progress] 70% sealing finish module graph FlagDependencyExportsPlugin
<s> [webpack.Progress] 70% sealing finish module graph InnerGraphPlugin
<s> [webpack.Progress] 70% sealing finish module graph WasmFinalizeExportsPlugin
<s> [webpack.Progress] 70% sealing finish module graph
<s> [webpack.Progress] 70% sealing plugins
<s> [webpack.Progress] 70% sealing plugins WarnCaseSensitiveModulesPlugin
<s> [webpack.Progress] 70% sealing plugins
<s> [webpack.Progress] 71% sealing dependencies optimization
<s> [webpack.Progress] 71% sealing dependencies optimization SideEffectsFlagPlugin
<s> [webpack.Progress] 71% sealing dependencies optimization FlagDependencyUsagePlugin
<s> [webpack.Progress] 71% sealing dependencies optimization
<s> [webpack.Progress] 71% sealing after dependencies optimization
<s> [webpack.Progress] 71% sealing after dependencies optimization
<s> [webpack.Progress] 72% sealing chunk graph
<s> [webpack.Progress] 72% sealing chunk graph
<s> [webpack.Progress] 73% sealing after chunk graph
<s> [webpack.Progress] 73% sealing after chunk graph
<s> [webpack.Progress] 73% sealing optimizing
<s> [webpack.Progress] 73% sealing optimizing
<s> [webpack.Progress] 74% sealing module optimization
<s> [webpack.Progress] 74% sealing module optimization
<s> [webpack.Progress] 75% sealing after module optimization
<s> [webpack.Progress] 75% sealing after module optimization
<s> [webpack.Progress] 75% sealing chunk optimization
<s> [webpack.Progress] 75% sealing chunk optimization EnsureChunkConditionsPlugin
<s> [webpack.Progress] 75% sealing chunk optimization RemoveEmptyChunksPlugin
<s> [webpack.Progress] 75% sealing chunk optimization MergeDuplicateChunksPlugin
<s> [webpack.Progress] 75% sealing chunk optimization SplitChunksPlugin
<s> [webpack.Progress] 75% sealing chunk optimization RemoveEmptyChunksPlugin
<s> [webpack.Progress] 75% sealing chunk optimization
<s> [webpack.Progress] 76% sealing after chunk optimization
<s> [webpack.Progress] 76% sealing after chunk optimization
<s> [webpack.Progress] 77% sealing module and chunk tree optimization
<s> [webpack.Progress] 77% sealing module and chunk tree optimization PersistentChildCompilerSingletonPlugin
<s> [webpack.Progress] 77% sealing module and chunk tree optimization
<s> [webpack.Progress] 77% sealing after module and chunk tree optimization
<s> [webpack.Progress] 77% sealing after module and chunk tree optimization
<s> [webpack.Progress] 78% sealing chunk modules optimization
<s> [webpack.Progress] 78% sealing chunk modules optimization ModuleConcatenationPlugin
<s> [webpack.Progress] 78% sealing chunk modules optimization
<s> [webpack.Progress] 78% sealing after chunk modules optimization
<s> [webpack.Progress] 78% sealing after chunk modules optimization
<s> [webpack.Progress] 79% sealing module reviving
<s> [webpack.Progress] 79% sealing module reviving RecordIdsPlugin
<s> [webpack.Progress] 79% sealing module reviving
<s> [webpack.Progress] 80% sealing before module ids
<s> [webpack.Progress] 80% sealing before module ids
<s> [webpack.Progress] 80% sealing module ids
<s> [webpack.Progress] 80% sealing module ids NamedModuleIdsPlugin
<s> [webpack.Progress] 80% sealing module ids
<s> [webpack.Progress] 81% sealing module id optimization
<s> [webpack.Progress] 81% sealing module id optimization
<s> [webpack.Progress] 82% sealing module id optimization
<s> [webpack.Progress] 82% sealing module id optimization
<s> [webpack.Progress] 82% sealing chunk reviving
<s> [webpack.Progress] 82% sealing chunk reviving RecordIdsPlugin
<s> [webpack.Progress] 82% sealing chunk reviving
<s> [webpack.Progress] 83% sealing before chunk ids
<s> [webpack.Progress] 83% sealing before chunk ids
<s> [webpack.Progress] 84% sealing chunk ids
<s> [webpack.Progress] 84% sealing chunk ids DeterministicChunkIdsPlugin
<s> [webpack.Progress] 84% sealing chunk ids
<s> [webpack.Progress] 84% sealing chunk id optimization
<s> [webpack.Progress] 84% sealing chunk id optimization FlagIncludedChunksPlugin
<s> [webpack.Progress] 84% sealing chunk id optimization
<s> [webpack.Progress] 85% sealing after chunk id optimization
<s> [webpack.Progress] 85% sealing after chunk id optimization
<s> [webpack.Progress] 87% sealing module hashing
<s> [webpack.Progress] 87% sealing module hashing
<s> [webpack.Progress] 87% sealing code generation
<s> [webpack.Progress] 87% sealing code generation
<s> [webpack.Progress] 88% sealing runtime requirements
<s> [webpack.Progress] 88% sealing runtime requirements
<s> [webpack.Progress] 89% sealing hashing
<s> [webpack.Progress] 89% sealing hashing
<s> [webpack.Progress] 89% sealing after hashing
<s> [webpack.Progress] 89% sealing after hashing
<s> [webpack.Progress] 91% sealing module assets processing
<s> [webpack.Progress] 91% sealing module assets processing
<s> [webpack.Progress] 91% sealing chunk assets processing
<s> [webpack.Progress] 91% sealing chunk assets processing
<s> [webpack.Progress] 92% sealing asset processing
<s> [webpack.Progress] 92% sealing asset processing PersistentChildCompilerSingletonPlugin
<s> [webpack.Progress] 92% sealing asset processing TerserPlugin
info
 => Copying static files: [36mlibs/pm-fuel/src/lib/utils/pmds-util-img-svgs/src/assets[39m at [36mdist/storybook/pmds-hub-storybook/assets[39m
<s> [webpack.Progress] 92% sealing asset processing SourceMapDevToolPlugin
<s> [webpack.Progress] 92% sealing asset processing SourceMapDevToolPlugin
<s> [webpack.Progress] 92% sealing asset processing SourceMapDevToolPlugin main.8fc16199.iframe.bundle.js generate SourceMap
<s> [webpack.Progress] 92% sealing asset processing SourceMapDevToolPlugin main.8fc16199.iframe.bundle.js generated SourceMap
<s> [webpack.Progress] 92% sealing asset processing SourceMapDevToolPlugin runtime~main.ee1c8863.iframe.bundle.js generate SourceMap
<s> [webpack.Progress] 92% sealing asset processing SourceMapDevToolPlugin runtime~main.ee1c8863.iframe.bundle.js generated SourceMap
<s> [webpack.Progress] 92% sealing asset processing SourceMapDevToolPlugin changelog-page-changelog-page-mdx.7e870b2a.iframe.bundle.js generate SourceMap
<s> [webpack.Progress] 92% sealing asset processing SourceMapDevToolPlugin changelog-page-changelog-page-mdx.7e870b2a.iframe.bundle.js generated SourceMap
<s> [webpack.Progress] 92% sealing asset processing SourceMapDevToolPlugin install-page-install-page-mdx.dfbd035c.iframe.bundle.js generate SourceMap
<s> [webpack.Progress] 92% sealing asset processing SourceMapDevToolPlugin install-page-install-page-mdx.dfbd035c.iframe.bundle.js generated SourceMap
<s> [webpack.Progress] 92% sealing asset processing SourceMapDevToolPlugin landing-page-landing-page-mdx.8c37ad5f.iframe.bundle.js generate SourceMap
<s> [webpack.Progress] 92% sealing asset processing SourceMapDevToolPlugin landing-page-landing-page-mdx.8c37ad5f.iframe.bundle.js generated SourceMap
<s> [webpack.Progress] 92% sealing asset processing SourceMapDevToolPlugin landing-page-pages-end-page-mdx.cde41192.iframe.bundle.js generate SourceMap
<s> [webpack.Progress] 92% sealing asset processing SourceMapDevToolPlugin landing-page-pages-end-page-mdx.cde41192.iframe.bundle.js generated SourceMap
<s> [webpack.Progress] 92% sealing asset processing SourceMapDevToolPlugin landing-page-pages-hub-page-mdx.021d602a.iframe.bundle.js generate SourceMap
<s> [webpack.Progress] 92% sealing asset processing SourceMapDevToolPlugin landing-page-pages-hub-page-mdx.021d602a.iframe.bundle.js generated SourceMap
<s> [webpack.Progress] 92% sealing asset processing SourceMapDevToolPlugin landing-page-pages-initial-page-mdx.92a9505b.iframe.bundle.js generate SourceMap
<s> [webpack.Progress] 92% sealing asset processing SourceMapDevToolPlugin landing-page-pages-initial-page-mdx.92a9505b.iframe.bundle.js generated SourceMap
<s> [webpack.Progress] 92% sealing asset processing SourceMapDevToolPlugin landing-page-pages-utilities-page-mdx.2b240158.iframe.bundle.js generate SourceMap
<s> [webpack.Progress] 92% sealing asset processing SourceMapDevToolPlugin landing-page-pages-utilities-page-mdx.2b240158.iframe.bundle.js generated SourceMap
<s> [webpack.Progress] 92% sealing asset processing SourceMapDevToolPlugin pm-fuel-src-lib-core-pmds-core-cache-pmds-core-cache-service-stories.ea01a76c.iframe.bundle.js generate SourceMap
<s> [webpack.Progress] 92% sealing asset processing SourceMapDevToolPlugin pm-fuel-src-lib-core-pmds-core-cache-pmds-core-cache-service-stories.ea01a76c.iframe.bundle.js generated SourceMap
<s> [webpack.Progress] 92% sealing asset processing SourceMapDevToolPlugin pm-fuel-src-lib-core-pmds-core-storage-pmds-core-storage-service-stories.b4a0beaa.iframe.bundle.js generate SourceMap
<s> [webpack.Progress] 92% sealing asset processing SourceMapDevToolPlugin pm-fuel-src-lib-core-pmds-core-storage-pmds-core-storage-service-stories.b4a0beaa.iframe.bundle.js generated SourceMap
<s> [webpack.Progress] 92% sealing asset processing SourceMapDevToolPlugin pm-fuel-src-lib-directives-pmds-directive-decimal-number-format-pmds-directive-decimal-number-format-directive-stories.318277ac.iframe.bundle.js generate SourceMap
<s> [webpack.Progress] 92% sealing asset processing SourceMapDevToolPlugin pm-fuel-src-lib-directives-pmds-directive-decimal-number-format-pmds-directive-decimal-number-format-directive-stories.318277ac.iframe.bundle.js generated SourceMap
<s> [webpack.Progress] 92% sealing asset processing SourceMapDevToolPlugin pm-fuel-src-lib-directives-pmds-directive-mask-amount-input-pmds-directive-mask-amount-input-directive-stories.448ef4d8.iframe.bundle.js generate SourceMap
<s> [webpack.Progress] 92% sealing asset processing SourceMapDevToolPlugin pm-fuel-src-lib-directives-pmds-directive-mask-amount-input-pmds-directive-mask-amount-input-directive-stories.448ef4d8.iframe.bundle.js generated SourceMap
<s> [webpack.Progress] 92% sealing asset processing SourceMapDevToolPlugin pm-fuel-src-lib-directives-pmds-directive-no-leading-spaces-input-pmds-directive-no-leading-spaces-input-directive-stories.cf442142.iframe.bundle.js generate SourceMap
<s> [webpack.Progress] 92% sealing asset processing SourceMapDevToolPlugin pm-fuel-src-lib-directives-pmds-directive-no-leading-spaces-input-pmds-directive-no-leading-spaces-input-directive-stories.cf442142.iframe.bundle.js generated SourceMap
<s> [webpack.Progress] 92% sealing asset processing SourceMapDevToolPlugin pm-fuel-src-lib-directives-pmds-directive-number-format-directive-pmds-directive-number-format-directive-directive-stories.444aeffe.iframe.bundle.js generate SourceMap
<s> [webpack.Progress] 92% sealing asset processing SourceMapDevToolPlugin pm-fuel-src-lib-directives-pmds-directive-number-format-directive-pmds-directive-number-format-directive-directive-stories.444aeffe.iframe.bundle.js generated SourceMap
<s> [webpack.Progress] 92% sealing asset processing SourceMapDevToolPlugin pm-fuel-src-lib-directives-pmds-directive-title-pmds-directive-title-directive-stories.567e97b4.iframe.bundle.js generate SourceMap
<s> [webpack.Progress] 92% sealing asset processing SourceMapDevToolPlugin pm-fuel-src-lib-directives-pmds-directive-title-pmds-directive-title-directive-stories.567e97b4.iframe.bundle.js generated SourceMap
<s> [webpack.Progress] 92% sealing asset processing SourceMapDevToolPlugin pm-fuel-src-lib-directives-pmds-directive-tooltip-pmds-directive-tooltip-directive-stories.e439d8a2.iframe.bundle.js generate SourceMap
<s> [webpack.Progress] 92% sealing asset processing SourceMapDevToolPlugin pm-fuel-src-lib-directives-pmds-directive-tooltip-pmds-directive-tooltip-directive-stories.e439d8a2.iframe.bundle.js generated SourceMap
<s> [webpack.Progress] 92% sealing asset processing SourceMapDevToolPlugin pm-fuel-src-lib-directives-pmds-directive-viewport-overflow-pmds-directive-viewport-overflow-directive-stories.6ba6c4ab.iframe.bundle.js generate SourceMap
<s> [webpack.Progress] 92% sealing asset processing SourceMapDevToolPlugin pm-fuel-src-lib-directives-pmds-directive-viewport-overflow-pmds-directive-viewport-overflow-directive-stories.6ba6c4ab.iframe.bundle.js generated SourceMap
<s> [webpack.Progress] 92% sealing asset processing SourceMapDevToolPlugin pm-fuel-src-lib-pipes-pmds-pipe-account-format-pmds-pipe-account-format-pipe-stories.faf9fb15.iframe.bundle.js generate SourceMap
<s> [webpack.Progress] 92% sealing asset processing SourceMapDevToolPlugin pm-fuel-src-lib-pipes-pmds-pipe-account-format-pmds-pipe-account-format-pipe-stories.faf9fb15.iframe.bundle.js generated SourceMap
<s> [webpack.Progress] 92% sealing asset processing SourceMapDevToolPlugin pm-fuel-src-lib-pipes-pmds-pipe-account-hidden-pmds-pipe-account-hidden-pipe-stories.4ce1b08f.iframe.bundle.js generate SourceMap
<s> [webpack.Progress] 92% sealing asset processing SourceMapDevToolPlugin pm-fuel-src-lib-pipes-pmds-pipe-account-hidden-pmds-pipe-account-hidden-pipe-stories.4ce1b08f.iframe.bundle.js generated SourceMap
<s> [webpack.Progress] 92% sealing asset processing SourceMapDevToolPlugin pm-fuel-src-lib-pipes-pmds-pipe-amount-format-pmds-pipe-amount-format-pipe-stories.2e76f1dc.iframe.bundle.js generate SourceMap
<s> [webpack.Progress] 92% sealing asset processing SourceMapDevToolPlugin pm-fuel-src-lib-pipes-pmds-pipe-amount-format-pmds-pipe-amount-format-pipe-stories.2e76f1dc.iframe.bundle.js generated SourceMap
<s> [webpack.Progress] 92% sealing asset processing SourceMapDevToolPlugin pm-fuel-src-lib-pipes-pmds-pipe-camelcase-to-snakecase-uppercase-pmds-pipe-camelcase-to-snakecase-uppercase-pipe-stories.3c7a2b6a.iframe.bundle.js generate SourceMap
<s> [webpack.Progress] 92% sealing asset processing SourceMapDevToolPlugin pm-fuel-src-lib-pipes-pmds-pipe-camelcase-to-snakecase-uppercase-pmds-pipe-camelcase-to-snakecase-uppercase-pipe-stories.3c7a2b6a.iframe.bundle.js generated SourceMap
<s> [webpack.Progress] 92% sealing asset processing SourceMapDevToolPlugin pm-fuel-src-lib-pipes-pmds-pipe-date-time-pmds-pipe-date-time-pipe-stories.e3842e0e.iframe.bundle.js generate SourceMap
<s> [webpack.Progress] 92% sealing asset processing SourceMapDevToolPlugin pm-fuel-src-lib-pipes-pmds-pipe-date-time-pmds-pipe-date-time-pipe-stories.e3842e0e.iframe.bundle.js generated SourceMap
<s> [webpack.Progress] 92% sealing asset processing SourceMapDevToolPlugin pm-fuel-src-lib-pipes-pmds-pipe-exchange-decimals-pmds-pipe-exchange-decimals-pipe-stories.42675bfa.iframe.bundle.js generate SourceMap
<s> [webpack.Progress] 92% sealing asset processing SourceMapDevToolPlugin pm-fuel-src-lib-pipes-pmds-pipe-exchange-decimals-pmds-pipe-exchange-decimals-pipe-stories.42675bfa.iframe.bundle.js generated SourceMap
<s> [webpack.Progress] 92% sealing asset processing SourceMapDevToolPlugin pm-fuel-src-lib-pipes-pmds-pipe-only-decimals-pmds-pipe-only-decimals-pipe-stories.868f8e29.iframe.bundle.js generate SourceMap
<s> [webpack.Progress] 92% sealing asset processing SourceMapDevToolPlugin pm-fuel-src-lib-pipes-pmds-pipe-only-decimals-pmds-pipe-only-decimals-pipe-stories.868f8e29.iframe.bundle.js generated SourceMap
<s> [webpack.Progress] 92% sealing asset processing SourceMapDevToolPlugin pm-fuel-src-lib-pipes-pmds-pipe-relationship-format-pmds-pipe-relationship-format-pipe-stories.881b3bc8.iframe.bundle.js generate SourceMap
<s> [webpack.Progress] 92% sealing asset processing SourceMapDevToolPlugin pm-fuel-src-lib-pipes-pmds-pipe-relationship-format-pmds-pipe-relationship-format-pipe-stories.881b3bc8.iframe.bundle.js generated SourceMap
<s> [webpack.Progress] 92% sealing asset processing SourceMapDevToolPlugin pm-fuel-src-lib-pipes-pmds-pipe-salesforce-number-format-pmds-pipe-salesforce-number-format-pipe-stories.37241e3e.iframe.bundle.js generate SourceMap
<s> [webpack.Progress] 92% sealing asset processing SourceMapDevToolPlugin pm-fuel-src-lib-pipes-pmds-pipe-salesforce-number-format-pmds-pipe-salesforce-number-format-pipe-stories.37241e3e.iframe.bundle.js generated SourceMap
<s> [webpack.Progress] 92% sealing asset processing SourceMapDevToolPlugin pm-fuel-src-lib-pipes-pmds-pipe-transaction-reference-pmds-pipe-transaction-reference-pipe-stories.874faa7a.iframe.bundle.js generate SourceMap
<s> [webpack.Progress] 92% sealing asset processing SourceMapDevToolPlugin pm-fuel-src-lib-pipes-pmds-pipe-transaction-reference-pmds-pipe-transaction-reference-pipe-stories.874faa7a.iframe.bundle.js generated SourceMap
<s> [webpack.Progress] 92% sealing asset processing SourceMapDevToolPlugin pm-fuel-src-lib-pipes-pmds-pipe-truncate-ellipsis-pmds-pipe-truncate-ellipsis-pipe-stories.0743f79d.iframe.bundle.js generate SourceMap
<s> [webpack.Progress] 92% sealing asset processing SourceMapDevToolPlugin pm-fuel-src-lib-pipes-pmds-pipe-truncate-ellipsis-pmds-pipe-truncate-ellipsis-pipe-stories.0743f79d.iframe.bundle.js generated SourceMap
<s> [webpack.Progress] 92% sealing asset processing SourceMapDevToolPlugin pm-fuel-src-lib-pipes-pmds-pipe-type-of-pmds-pipe-type-of-pipe-stories.fe60fead.iframe.bundle.js generate SourceMap
<s> [webpack.Progress] 92% sealing asset processing SourceMapDevToolPlugin pm-fuel-src-lib-pipes-pmds-pipe-type-of-pmds-pipe-type-of-pipe-stories.fe60fead.iframe.bundle.js generated SourceMap
<s> [webpack.Progress] 92% sealing asset processing SourceMapDevToolPlugin pm-fuel-src-lib-pmds-cdk-accordion-pmds-cdk-accordion-component-stories.73f14a21.iframe.bundle.js generate SourceMap
<s> [webpack.Progress] 92% sealing asset processing SourceMapDevToolPlugin pm-fuel-src-lib-pmds-cdk-accordion-pmds-cdk-accordion-component-stories.73f14a21.iframe.bundle.js generated SourceMap
<s> [webpack.Progress] 92% sealing asset processing SourceMapDevToolPlugin pm-fuel-src-lib-pmds-cdk-action-bar-pmds-cdk-action-bar-component-stories.d049e11a.iframe.bundle.js generate SourceMap
<s> [webpack.Progress] 92% sealing asset processing SourceMapDevToolPlugin pm-fuel-src-lib-pmds-cdk-action-bar-pmds-cdk-action-bar-component-stories.d049e11a.iframe.bundle.js generated SourceMap
<s> [webpack.Progress] 92% sealing asset processing SourceMapDevToolPlugin pm-fuel-src-lib-pmds-cdk-action-row-bar-pmds-cdk-action-row-bar-component-stories.c6550711.iframe.bundle.js generate SourceMap
<s> [webpack.Progress] 92% sealing asset processing SourceMapDevToolPlugin pm-fuel-src-lib-pmds-cdk-action-row-bar-pmds-cdk-action-row-bar-component-stories.c6550711.iframe.bundle.js generated SourceMap
<s> [webpack.Progress] 92% sealing asset processing SourceMapDevToolPlugin pm-fuel-src-lib-pmds-cdk-alert-pmds-cdk-alert-component-stories.4152a8e9.iframe.bundle.js generate SourceMap
<s> [webpack.Progress] 92% sealing asset processing SourceMapDevToolPlugin pm-fuel-src-lib-pmds-cdk-alert-pmds-cdk-alert-component-stories.4152a8e9.iframe.bundle.js generated SourceMap
<s> [webpack.Progress] 92% sealing asset processing SourceMapDevToolPlugin pm-fuel-src-lib-pmds-cdk-autocomplete-multidestinatary-pmds-cdk-autocomplete-multidestinatary-component-stories.d4d9fe5f.iframe.bundle.js generate SourceMap
<s> [webpack.Progress] 92% sealing asset processing SourceMapDevToolPlugin pm-fuel-src-lib-pmds-cdk-autocomplete-multidestinatary-pmds-cdk-autocomplete-multidestinatary-component-stories.d4d9fe5f.iframe.bundle.js generated SourceMap
<s> [webpack.Progress] 92% sealing asset processing SourceMapDevToolPlugin pm-fuel-src-lib-pmds-cdk-autocomplete-pmds-cdk-autocomplete-component-stories.f3e071a3.iframe.bundle.js generate SourceMap
<s> [webpack.Progress] 92% sealing asset processing SourceMapDevToolPlugin pm-fuel-src-lib-pmds-cdk-autocomplete-pmds-cdk-autocomplete-component-stories.f3e071a3.iframe.bundle.js generated SourceMap
<s> [webpack.Progress] 92% sealing asset processing SourceMapDevToolPlugin pm-fuel-src-lib-pmds-cdk-badget-numbers-pmds-cdk-badget-numbers-component-stories.90b9c7f1.iframe.bundle.js generate SourceMap
<s> [webpack.Progress] 92% sealing asset processing SourceMapDevToolPlugin pm-fuel-src-lib-pmds-cdk-badget-numbers-pmds-cdk-badget-numbers-component-stories.90b9c7f1.iframe.bundle.js generated SourceMap
<s> [webpack.Progress] 92% sealing asset processing SourceMapDevToolPlugin pm-fuel-src-lib-pmds-cdk-button-all-filters-pmds-cdk-button-all-filters-component-stories.ff5978e9.iframe.bundle.js generate SourceMap
<s> [webpack.Progress] 92% sealing asset processing SourceMapDevToolPlugin pm-fuel-src-lib-pmds-cdk-button-all-filters-pmds-cdk-button-all-filters-component-stories.ff5978e9.iframe.bundle.js generated SourceMap
<s> [webpack.Progress] 92% sealing asset processing SourceMapDevToolPlugin pm-fuel-src-lib-pmds-cdk-button-dropdown-pmds-cdk-button-dropdown-component-stories.cee373e4.iframe.bundle.js generate SourceMap
<s> [webpack.Progress] 92% sealing asset processing SourceMapDevToolPlugin pm-fuel-src-lib-pmds-cdk-button-dropdown-pmds-cdk-button-dropdown-component-stories.cee373e4.iframe.bundle.js generated SourceMap
<s> [webpack.Progress] 92% sealing asset processing SourceMapDevToolPlugin pm-fuel-src-lib-pmds-cdk-button-floating-pmds-cdk-button-floating-component-stories.0d46d4c6.iframe.bundle.js generate SourceMap
<s> [webpack.Progress] 92% sealing asset processing SourceMapDevToolPlugin pm-fuel-src-lib-pmds-cdk-button-floating-pmds-cdk-button-floating-component-stories.0d46d4c6.iframe.bundle.js generated SourceMap
<s> [webpack.Progress] 92% sealing asset processing SourceMapDevToolPlugin pm-fuel-src-lib-pmds-cdk-button-modal-pmds-cdk-button-modal-component-stories.d16ec87b.iframe.bundle.js generate SourceMap
<s> [webpack.Progress] 92% sealing asset processing SourceMapDevToolPlugin pm-fuel-src-lib-pmds-cdk-button-modal-pmds-cdk-button-modal-component-stories.d16ec87b.iframe.bundle.js generated SourceMap
<s> [webpack.Progress] 92% sealing asset processing SourceMapDevToolPlugin pm-fuel-src-lib-pmds-cdk-button-pmds-cdk-button-component-stories.20948dbd.iframe.bundle.js generate SourceMap
<s> [webpack.Progress] 92% sealing asset processing SourceMapDevToolPlugin pm-fuel-src-lib-pmds-cdk-button-pmds-cdk-button-component-stories.20948dbd.iframe.bundle.js generated SourceMap
<s> [webpack.Progress] 92% sealing asset processing SourceMapDevToolPlugin pm-fuel-src-lib-pmds-cdk-calendar-pmds-cdk-calendar-component-stories.56a8e664.iframe.bundle.js generate SourceMap
<s> [webpack.Progress] 92% sealing asset processing SourceMapDevToolPlugin pm-fuel-src-lib-pmds-cdk-calendar-pmds-cdk-calendar-component-stories.56a8e664.iframe.bundle.js generated SourceMap
<s> [webpack.Progress] 92% sealing asset processing SourceMapDevToolPlugin pm-fuel-src-lib-pmds-cdk-cards-account-action-pmds-cdk-cards-account-action-component-stories.c8bd8aa1.iframe.bundle.js generate SourceMap
<s> [webpack.Progress] 92% sealing asset processing SourceMapDevToolPlugin pm-fuel-src-lib-pmds-cdk-cards-account-action-pmds-cdk-cards-account-action-component-stories.c8bd8aa1.iframe.bundle.js generated SourceMap
<s> [webpack.Progress] 92% sealing asset processing SourceMapDevToolPlugin pm-fuel-src-lib-pmds-cdk-cards-file-upload-pmds-cdk-cards-file-upload-component-stories.7001eb0b.iframe.bundle.js generate SourceMap
<s> [webpack.Progress] 92% sealing asset processing SourceMapDevToolPlugin pm-fuel-src-lib-pmds-cdk-cards-file-upload-pmds-cdk-cards-file-upload-component-stories.7001eb0b.iframe.bundle.js generated SourceMap
<s> [webpack.Progress] 92% sealing asset processing SourceMapDevToolPlugin pm-fuel-src-lib-pmds-cdk-cards-information-pmds-cdk-cards-information-component-stories.1830969e.iframe.bundle.js generate SourceMap
<s> [webpack.Progress] 92% sealing asset processing SourceMapDevToolPlugin pm-fuel-src-lib-pmds-cdk-cards-information-pmds-cdk-cards-information-component-stories.1830969e.iframe.bundle.js generated SourceMap
<s> [webpack.Progress] 92% sealing asset processing SourceMapDevToolPlugin pm-fuel-src-lib-pmds-cdk-cards-selector-pmds-cdk-cards-selector-component-stories.1bc01e3a.iframe.bundle.js generate SourceMap
<s> [webpack.Progress] 92% sealing asset processing SourceMapDevToolPlugin pm-fuel-src-lib-pmds-cdk-cards-selector-pmds-cdk-cards-selector-component-stories.1bc01e3a.iframe.bundle.js generated SourceMap
<s> [webpack.Progress] 92% sealing asset processing SourceMapDevToolPlugin pm-fuel-src-lib-pmds-cdk-cards-settings-pmds-cdk-cards-settings-component-stories.13da5f55.iframe.bundle.js generate SourceMap
<s> [webpack.Progress] 92% sealing asset processing SourceMapDevToolPlugin pm-fuel-src-lib-pmds-cdk-cards-settings-pmds-cdk-cards-settings-component-stories.13da5f55.iframe.bundle.js generated SourceMap
<s> [webpack.Progress] 92% sealing asset processing SourceMapDevToolPlugin pm-fuel-src-lib-pmds-cdk-checkbox-pmds-cdk-checkbox-component-stories.eee034af.iframe.bundle.js generate SourceMap
<s> [webpack.Progress] 92% sealing asset processing SourceMapDevToolPlugin pm-fuel-src-lib-pmds-cdk-checkbox-pmds-cdk-checkbox-component-stories.eee034af.iframe.bundle.js generated SourceMap
<s> [webpack.Progress] 92% sealing asset processing SourceMapDevToolPlugin pm-fuel-src-lib-pmds-cdk-copy-clipboard-pmds-cdk-copy-clipboard-component-stories.ff7892af.iframe.bundle.js generate SourceMap
<s> [webpack.Progress] 92% sealing asset processing SourceMapDevToolPlugin pm-fuel-src-lib-pmds-cdk-copy-clipboard-pmds-cdk-copy-clipboard-component-stories.ff7892af.iframe.bundle.js generated SourceMap
<s> [webpack.Progress] 92% sealing asset processing SourceMapDevToolPlugin pm-fuel-src-lib-pmds-cdk-country-label-pmds-cdk-country-label-component-stories.327d147c.iframe.bundle.js generate SourceMap
<s> [webpack.Progress] 92% sealing asset processing SourceMapDevToolPlugin pm-fuel-src-lib-pmds-cdk-country-label-pmds-cdk-country-label-component-stories.327d147c.iframe.bundle.js generated SourceMap
<s> [webpack.Progress] 92% sealing asset processing SourceMapDevToolPlugin pm-fuel-src-lib-pmds-cdk-datepicker-pmds-cdk-datepicker-component-stories.91eb73d6.iframe.bundle.js generate SourceMap
<s> [webpack.Progress] 92% sealing asset processing SourceMapDevToolPlugin pm-fuel-src-lib-pmds-cdk-datepicker-pmds-cdk-datepicker-component-stories.91eb73d6.iframe.bundle.js generated SourceMap
<s> [webpack.Progress] 92% sealing asset processing SourceMapDevToolPlugin pm-fuel-src-lib-pmds-cdk-divider-pmds-cdk-divider-component-stories.19cbb77e.iframe.bundle.js generate SourceMap
<s> [webpack.Progress] 92% sealing asset processing SourceMapDevToolPlugin pm-fuel-src-lib-pmds-cdk-divider-pmds-cdk-divider-component-stories.19cbb77e.iframe.bundle.js generated SourceMap
<s> [webpack.Progress] 92% sealing asset processing SourceMapDevToolPlugin pm-fuel-src-lib-pmds-cdk-download-id-app-buttons-pmds-cdk-download-id-app-buttons-component-stories.98452809.iframe.bundle.js generate SourceMap
<s> [webpack.Progress] 92% sealing asset processing SourceMapDevToolPlugin pm-fuel-src-lib-pmds-cdk-download-id-app-buttons-pmds-cdk-download-id-app-buttons-component-stories.98452809.iframe.bundle.js generated SourceMap
<s> [webpack.Progress] 92% sealing asset processing SourceMapDevToolPlugin pm-fuel-src-lib-pmds-cdk-dropdown-range-pmds-cdk-dropdown-range-component-stories.d0badd0e.iframe.bundle.js generate SourceMap
<s> [webpack.Progress] 92% sealing asset processing SourceMapDevToolPlugin pm-fuel-src-lib-pmds-cdk-dropdown-range-pmds-cdk-dropdown-range-component-stories.d0badd0e.iframe.bundle.js generated SourceMap
<s> [webpack.Progress] 92% sealing asset processing SourceMapDevToolPlugin pm-fuel-src-lib-pmds-cdk-dropdown-pmds-cdk-dropdown-component-stories.c53b49a1.iframe.bundle.js generate SourceMap
<s> [webpack.Progress] 92% sealing asset processing SourceMapDevToolPlugin pm-fuel-src-lib-pmds-cdk-dropdown-pmds-cdk-dropdown-component-stories.c53b49a1.iframe.bundle.js generated SourceMap
<s> [webpack.Progress] 92% sealing asset processing SourceMapDevToolPlugin pm-fuel-src-lib-pmds-cdk-editable-content-pmds-cdk-editable-content-component-stories.62de1e14.iframe.bundle.js generate SourceMap
<s> [webpack.Progress] 92% sealing asset processing SourceMapDevToolPlugin pm-fuel-src-lib-pmds-cdk-editable-content-pmds-cdk-editable-content-component-stories.62de1e14.iframe.bundle.js generated SourceMap
<s> [webpack.Progress] 92% sealing asset processing SourceMapDevToolPlugin pm-fuel-src-lib-pmds-cdk-error-page-pmds-cdk-error-page-component-stories.7a37aafe.iframe.bundle.js generate SourceMap
<s> [webpack.Progress] 92% sealing asset processing SourceMapDevToolPlugin pm-fuel-src-lib-pmds-cdk-error-page-pmds-cdk-error-page-component-stories.7a37aafe.iframe.bundle.js generated SourceMap
<s> [webpack.Progress] 92% sealing asset processing SourceMapDevToolPlugin pm-fuel-src-lib-pmds-cdk-expansion-panel-pmds-cdk-expansion-panel-component-stories.8090a6b0.iframe.bundle.js generate SourceMap
<s> [webpack.Progress] 92% sealing asset processing SourceMapDevToolPlugin pm-fuel-src-lib-pmds-cdk-expansion-panel-pmds-cdk-expansion-panel-component-stories.8090a6b0.iframe.bundle.js generated SourceMap
<s> [webpack.Progress] 92% sealing asset processing SourceMapDevToolPlugin pm-fuel-src-lib-pmds-cdk-file-downloader-info-pmds-cdk-file-downloader-info-component-stories.26ea5726.iframe.bundle.js generate SourceMap
<s> [webpack.Progress] 92% sealing asset processing SourceMapDevToolPlugin pm-fuel-src-lib-pmds-cdk-file-downloader-info-pmds-cdk-file-downloader-info-component-stories.26ea5726.iframe.bundle.js generated SourceMap
<s> [webpack.Progress] 92% sealing asset processing SourceMapDevToolPlugin pm-fuel-src-lib-pmds-cdk-footer-pmds-cdk-footer-component-stories.7d15c9e3.iframe.bundle.js generate SourceMap
<s> [webpack.Progress] 92% sealing asset processing SourceMapDevToolPlugin pm-fuel-src-lib-pmds-cdk-footer-pmds-cdk-footer-component-stories.7d15c9e3.iframe.bundle.js generated SourceMap
<s> [webpack.Progress] 92% sealing asset processing SourceMapDevToolPlugin pm-fuel-src-lib-pmds-cdk-form-error-message-pmds-cdk-form-error-message-component-stories.6c648630.iframe.bundle.js generate SourceMap
<s> [webpack.Progress] 92% sealing asset processing SourceMapDevToolPlugin pm-fuel-src-lib-pmds-cdk-form-error-message-pmds-cdk-form-error-message-component-stories.6c648630.iframe.bundle.js generated SourceMap
<s> [webpack.Progress] 92% sealing asset processing SourceMapDevToolPlugin pm-fuel-src-lib-pmds-cdk-graphs-line-chart-pmds-cdk-graphs-line-chart-component-stories.78aba5b2.iframe.bundle.js generate SourceMap
<s> [webpack.Progress] 92% sealing asset processing SourceMapDevToolPlugin pm-fuel-src-lib-pmds-cdk-graphs-line-chart-pmds-cdk-graphs-line-chart-component-stories.78aba5b2.iframe.bundle.js generated SourceMap
<s> [webpack.Progress] 92% sealing asset processing SourceMapDevToolPlugin pm-fuel-src-lib-pmds-cdk-graphs-pie-chart-pmds-cdk-graphs-pie-chart-component-stories.47de2bc2.iframe.bundle.js generate SourceMap
<s> [webpack.Progress] 92% sealing asset processing SourceMapDevToolPlugin pm-fuel-src-lib-pmds-cdk-graphs-pie-chart-pmds-cdk-graphs-pie-chart-component-stories.47de2bc2.iframe.bundle.js generated SourceMap
<s> [webpack.Progress] 92% sealing asset processing SourceMapDevToolPlugin pm-fuel-src-lib-pmds-cdk-graphs-sequential-bar-chart-pmds-cdk-graphs-sequential-bar-chart-component-stories.9b1cd602.iframe.bundle.js generate SourceMap
<s> [webpack.Progress] 92% sealing asset processing SourceMapDevToolPlugin pm-fuel-src-lib-pmds-cdk-graphs-sequential-bar-chart-pmds-cdk-graphs-sequential-bar-chart-component-stories.9b1cd602.iframe.bundle.js generated SourceMap
<s> [webpack.Progress] 92% sealing asset processing SourceMapDevToolPlugin pm-fuel-src-lib-pmds-cdk-header-pmds-cdk-header-component-stories.9b22b1b8.iframe.bundle.js generate SourceMap
<s> [webpack.Progress] 92% sealing asset processing SourceMapDevToolPlugin pm-fuel-src-lib-pmds-cdk-header-pmds-cdk-header-component-stories.9b22b1b8.iframe.bundle.js generated SourceMap
<s> [webpack.Progress] 92% sealing asset processing SourceMapDevToolPlugin pm-fuel-src-lib-pmds-cdk-loader-pmds-cdk-loader-component-stories.9844a77f.iframe.bundle.js generate SourceMap
<s> [webpack.Progress] 92% sealing asset processing SourceMapDevToolPlugin pm-fuel-src-lib-pmds-cdk-loader-pmds-cdk-loader-component-stories.9844a77f.iframe.bundle.js generated SourceMap
<s> [webpack.Progress] 92% sealing asset processing SourceMapDevToolPlugin pm-fuel-src-lib-pmds-cdk-menu-and-submenu-pmds-cdk-menu-and-submenu-component-stories.656e973d.iframe.bundle.js generate SourceMap
<s> [webpack.Progress] 92% sealing asset processing SourceMapDevToolPlugin pm-fuel-src-lib-pmds-cdk-menu-and-submenu-pmds-cdk-menu-and-submenu-component-stories.656e973d.iframe.bundle.js generated SourceMap
<s> [webpack.Progress] 92% sealing asset processing SourceMapDevToolPlugin pm-fuel-src-lib-pmds-cdk-message-pmds-cdk-message-component-stories.7a464213.iframe.bundle.js generate SourceMap
<s> [webpack.Progress] 92% sealing asset processing SourceMapDevToolPlugin pm-fuel-src-lib-pmds-cdk-message-pmds-cdk-message-component-stories.7a464213.iframe.bundle.js generated SourceMap
<s> [webpack.Progress] 92% sealing asset processing SourceMapDevToolPlugin pm-fuel-src-lib-pmds-cdk-modal-pmds-cdk-modal-component-stories.4a5f6f3e.iframe.bundle.js generate SourceMap
<s> [webpack.Progress] 92% sealing asset processing SourceMapDevToolPlugin pm-fuel-src-lib-pmds-cdk-modal-pmds-cdk-modal-component-stories.4a5f6f3e.iframe.bundle.js generated SourceMap
<s> [webpack.Progress] 92% sealing asset processing SourceMapDevToolPlugin pm-fuel-src-lib-pmds-cdk-notifications-popover-pmds-cdk-notifications-popover-component-stories.590e04a8.iframe.bundle.js generate SourceMap
<s> [webpack.Progress] 92% sealing asset processing SourceMapDevToolPlugin pm-fuel-src-lib-pmds-cdk-notifications-popover-pmds-cdk-notifications-popover-component-stories.590e04a8.iframe.bundle.js generated SourceMap
<s> [webpack.Progress] 92% sealing asset processing SourceMapDevToolPlugin pm-fuel-src-lib-pmds-cdk-option-buttons-pmds-cdk-option-buttons-component-stories.f514e4ca.iframe.bundle.js generate SourceMap
<s> [webpack.Progress] 92% sealing asset processing SourceMapDevToolPlugin pm-fuel-src-lib-pmds-cdk-option-buttons-pmds-cdk-option-buttons-component-stories.f514e4ca.iframe.bundle.js generated SourceMap
<s> [webpack.Progress] 92% sealing asset processing SourceMapDevToolPlugin pm-fuel-src-lib-pmds-cdk-page-controller-pmds-cdk-page-controller-component-stories.e1d24292.iframe.bundle.js generate SourceMap
<s> [webpack.Progress] 92% sealing asset processing SourceMapDevToolPlugin pm-fuel-src-lib-pmds-cdk-page-controller-pmds-cdk-page-controller-component-stories.e1d24292.iframe.bundle.js generated SourceMap
<s> [webpack.Progress] 92% sealing asset processing SourceMapDevToolPlugin pm-fuel-src-lib-pmds-cdk-page-header-pmds-cdk-page-header-component-stories.cb759f17.iframe.bundle.js generate SourceMap
<s> [webpack.Progress] 92% sealing asset processing SourceMapDevToolPlugin pm-fuel-src-lib-pmds-cdk-page-header-pmds-cdk-page-header-component-stories.cb759f17.iframe.bundle.js generated SourceMap
<s> [webpack.Progress] 92% sealing asset processing SourceMapDevToolPlugin pm-fuel-src-lib-pmds-cdk-paginator-pmds-cdk-paginator-component-stories.5375a6e4.iframe.bundle.js generate SourceMap
<s> [webpack.Progress] 92% sealing asset processing SourceMapDevToolPlugin pm-fuel-src-lib-pmds-cdk-paginator-pmds-cdk-paginator-component-stories.5375a6e4.iframe.bundle.js generated SourceMap
<s> [webpack.Progress] 92% sealing asset processing SourceMapDevToolPlugin pm-fuel-src-lib-pmds-cdk-pending-task-pmds-cdk-pending-task-component-stories.6de33cd3.iframe.bundle.js generate SourceMap
<s> [webpack.Progress] 92% sealing asset processing SourceMapDevToolPlugin pm-fuel-src-lib-pmds-cdk-pending-task-pmds-cdk-pending-task-component-stories.6de33cd3.iframe.bundle.js generated SourceMap
<s> [webpack.Progress] 92% sealing asset processing SourceMapDevToolPlugin pm-fuel-src-lib-pmds-cdk-phone-input-pmds-cdk-phone-input-component-stories.098f6799.iframe.bundle.js generate SourceMap
<s> [webpack.Progress] 92% sealing asset processing SourceMapDevToolPlugin pm-fuel-src-lib-pmds-cdk-phone-input-pmds-cdk-phone-input-component-stories.098f6799.iframe.bundle.js generated SourceMap
<s> [webpack.Progress] 92% sealing asset processing SourceMapDevToolPlugin pm-fuel-src-lib-pmds-cdk-process-header-pmds-cdk-process-header-component-stories.048075e5.iframe.bundle.js generate SourceMap
<s> [webpack.Progress] 92% sealing asset processing SourceMapDevToolPlugin pm-fuel-src-lib-pmds-cdk-process-header-pmds-cdk-process-header-component-stories.048075e5.iframe.bundle.js generated SourceMap
<s> [webpack.Progress] 92% sealing asset processing SourceMapDevToolPlugin pm-fuel-src-lib-pmds-cdk-profile-photo-pmds-cdk-profile-photo-component-stories.01c1c257.iframe.bundle.js generate SourceMap
<s> [webpack.Progress] 92% sealing asset processing SourceMapDevToolPlugin pm-fuel-src-lib-pmds-cdk-profile-photo-pmds-cdk-profile-photo-component-stories.01c1c257.iframe.bundle.js generated SourceMap
<s> [webpack.Progress] 92% sealing asset processing SourceMapDevToolPlugin pm-fuel-src-lib-pmds-cdk-radio-buttons-pmds-cdk-radio-buttons-component-stories.3e54cc03.iframe.bundle.js generate SourceMap
<s> [webpack.Progress] 92% sealing asset processing SourceMapDevToolPlugin pm-fuel-src-lib-pmds-cdk-radio-buttons-pmds-cdk-radio-buttons-component-stories.3e54cc03.iframe.bundle.js generated SourceMap
<s> [webpack.Progress] 92% sealing asset processing SourceMapDevToolPlugin pm-fuel-src-lib-pmds-cdk-shortcut-pmds-cdk-shortcut-component-stories.10f2fa2d.iframe.bundle.js generate SourceMap
<s> [webpack.Progress] 92% sealing asset processing SourceMapDevToolPlugin pm-fuel-src-lib-pmds-cdk-shortcut-pmds-cdk-shortcut-component-stories.10f2fa2d.iframe.bundle.js generated SourceMap
<s> [webpack.Progress] 92% sealing asset processing SourceMapDevToolPlugin pm-fuel-src-lib-pmds-cdk-sidebar-embedded-pmds-cdk-sidebar-embedded-component-stories.bb402eb6.iframe.bundle.js generate SourceMap
<s> [webpack.Progress] 92% sealing asset processing SourceMapDevToolPlugin pm-fuel-src-lib-pmds-cdk-sidebar-embedded-pmds-cdk-sidebar-embedded-component-stories.bb402eb6.iframe.bundle.js generated SourceMap
<s> [webpack.Progress] 92% sealing asset processing SourceMapDevToolPlugin pm-fuel-src-lib-pmds-cdk-skeleton-pmds-cdk-skeleton-component-stories.d5a2a073.iframe.bundle.js generate SourceMap
<s> [webpack.Progress] 92% sealing asset processing SourceMapDevToolPlugin pm-fuel-src-lib-pmds-cdk-skeleton-pmds-cdk-skeleton-component-stories.d5a2a073.iframe.bundle.js generated SourceMap
<s> [webpack.Progress] 92% sealing asset processing SourceMapDevToolPlugin pm-fuel-src-lib-pmds-cdk-stepper-pmds-cdk-stepper-component-stories.e27eead5.iframe.bundle.js generate SourceMap
<s> [webpack.Progress] 92% sealing asset processing SourceMapDevToolPlugin pm-fuel-src-lib-pmds-cdk-stepper-pmds-cdk-stepper-component-stories.e27eead5.iframe.bundle.js generated SourceMap
<s> [webpack.Progress] 92% sealing asset processing SourceMapDevToolPlugin pm-fuel-src-lib-pmds-cdk-sticky-button-bar-pmds-cdk-sticky-button-bar-component-stories.6eec6555.iframe.bundle.js generate SourceMap
<s> [webpack.Progress] 92% sealing asset processing SourceMapDevToolPlugin pm-fuel-src-lib-pmds-cdk-sticky-button-bar-pmds-cdk-sticky-button-bar-component-stories.6eec6555.iframe.bundle.js generated SourceMap
<s> [webpack.Progress] 92% sealing asset processing SourceMapDevToolPlugin pm-fuel-src-lib-pmds-cdk-table-complete-pmds-cdk-table-complete-component-stories.e0bdee56.iframe.bundle.js generate SourceMap
<s> [webpack.Progress] 92% sealing asset processing SourceMapDevToolPlugin pm-fuel-src-lib-pmds-cdk-table-complete-pmds-cdk-table-complete-component-stories.e0bdee56.iframe.bundle.js generated SourceMap
<s> [webpack.Progress] 92% sealing asset processing SourceMapDevToolPlugin pm-fuel-src-lib-pmds-cdk-table-pmds-cdk-table-component-stories.0dcd9c1b.iframe.bundle.js generate SourceMap
<s> [webpack.Progress] 92% sealing asset processing SourceMapDevToolPlugin pm-fuel-src-lib-pmds-cdk-table-pmds-cdk-table-component-stories.0dcd9c1b.iframe.bundle.js generated SourceMap
<s> [webpack.Progress] 92% sealing asset processing SourceMapDevToolPlugin pm-fuel-src-lib-pmds-cdk-tabs-pmds-cdk-tabs-component-stories.02c52866.iframe.bundle.js generate SourceMap
<s> [webpack.Progress] 92% sealing asset processing SourceMapDevToolPlugin pm-fuel-src-lib-pmds-cdk-tabs-pmds-cdk-tabs-component-stories.02c52866.iframe.bundle.js generated SourceMap
<s> [webpack.Progress] 92% sealing asset processing SourceMapDevToolPlugin pm-fuel-src-lib-pmds-cdk-tag-category-pmds-cdk-tag-category-component-stories.97e8fcf2.iframe.bundle.js generate SourceMap
<s> [webpack.Progress] 92% sealing asset processing SourceMapDevToolPlugin pm-fuel-src-lib-pmds-cdk-tag-category-pmds-cdk-tag-category-component-stories.97e8fcf2.iframe.bundle.js generated SourceMap
<s> [webpack.Progress] 92% sealing asset processing SourceMapDevToolPlugin pm-fuel-src-lib-pmds-cdk-tag-label-pmds-cdk-tag-label-component-stories.c4476823.iframe.bundle.js generate SourceMap
<s> [webpack.Progress] 92% sealing asset processing SourceMapDevToolPlugin pm-fuel-src-lib-pmds-cdk-tag-label-pmds-cdk-tag-label-component-stories.c4476823.iframe.bundle.js generated SourceMap
<s> [webpack.Progress] 92% sealing asset processing SourceMapDevToolPlugin pm-fuel-src-lib-pmds-cdk-text-field-pmds-cdk-text-field-component-stories.fa6a7e29.iframe.bundle.js generate SourceMap
<s> [webpack.Progress] 92% sealing asset processing SourceMapDevToolPlugin pm-fuel-src-lib-pmds-cdk-text-field-pmds-cdk-text-field-component-stories.fa6a7e29.iframe.bundle.js generated SourceMap
<s> [webpack.Progress] 92% sealing asset processing SourceMapDevToolPlugin pm-fuel-src-lib-pmds-cdk-text-input-pmds-cdk-text-input-component-stories.48a27a17.iframe.bundle.js generate SourceMap
<s> [webpack.Progress] 92% sealing asset processing SourceMapDevToolPlugin pm-fuel-src-lib-pmds-cdk-text-input-pmds-cdk-text-input-component-stories.48a27a17.iframe.bundle.js generated SourceMap
<s> [webpack.Progress] 92% sealing asset processing SourceMapDevToolPlugin pm-fuel-src-lib-pmds-cdk-text-pmds-cdk-text-component-stories.b3d46356.iframe.bundle.js generate SourceMap
<s> [webpack.Progress] 92% sealing asset processing SourceMapDevToolPlugin pm-fuel-src-lib-pmds-cdk-text-pmds-cdk-text-component-stories.b3d46356.iframe.bundle.js generated SourceMap
<s> [webpack.Progress] 92% sealing asset processing SourceMapDevToolPlugin pm-fuel-src-lib-pmds-cdk-textarea-pmds-cdk-textarea-component-stories.98c0c5bc.iframe.bundle.js generate SourceMap
<s> [webpack.Progress] 92% sealing asset processing SourceMapDevToolPlugin pm-fuel-src-lib-pmds-cdk-textarea-pmds-cdk-textarea-component-stories.98c0c5bc.iframe.bundle.js generated SourceMap
<s> [webpack.Progress] 92% sealing asset processing SourceMapDevToolPlugin pm-fuel-src-lib-pmds-cdk-time-input-pmds-cdk-time-input-component-stories.41768305.iframe.bundle.js generate SourceMap
<s> [webpack.Progress] 92% sealing asset processing SourceMapDevToolPlugin pm-fuel-src-lib-pmds-cdk-time-input-pmds-cdk-time-input-component-stories.41768305.iframe.bundle.js generated SourceMap
<s> [webpack.Progress] 92% sealing asset processing SourceMapDevToolPlugin pm-fuel-src-lib-pmds-cdk-timeline-tracking-pmds-cdk-timeline-tracking-component-stories.917ec9a8.iframe.bundle.js generate SourceMap
<s> [webpack.Progress] 92% sealing asset processing SourceMapDevToolPlugin pm-fuel-src-lib-pmds-cdk-timeline-tracking-pmds-cdk-timeline-tracking-component-stories.917ec9a8.iframe.bundle.js generated SourceMap
<s> [webpack.Progress] 92% sealing asset processing SourceMapDevToolPlugin pm-fuel-src-lib-pmds-cdk-toast-pmds-cdk-toast-component-stories.b381ce66.iframe.bundle.js generate SourceMap
<s> [webpack.Progress] 92% sealing asset processing SourceMapDevToolPlugin pm-fuel-src-lib-pmds-cdk-toast-pmds-cdk-toast-component-stories.b381ce66.iframe.bundle.js generated SourceMap
<s> [webpack.Progress] 92% sealing asset processing SourceMapDevToolPlugin pm-fuel-src-lib-pmds-cdk-toggle-switch-pmds-cdk-toggle-switch-component-stories.d54d744c.iframe.bundle.js generate SourceMap
<s> [webpack.Progress] 92% sealing asset processing SourceMapDevToolPlugin pm-fuel-src-lib-pmds-cdk-toggle-switch-pmds-cdk-toggle-switch-component-stories.d54d744c.iframe.bundle.js generated SourceMap
<s> [webpack.Progress] 92% sealing asset processing SourceMapDevToolPlugin pm-fuel-src-lib-utils-pmds-util-history-routing-pmds-util-history-routing-service-stories.734b0d3c.iframe.bundle.js generate SourceMap
<s> [webpack.Progress] 92% sealing asset processing SourceMapDevToolPlugin pm-fuel-src-lib-utils-pmds-util-history-routing-pmds-util-history-routing-service-stories.734b0d3c.iframe.bundle.js generated SourceMap
<s> [webpack.Progress] 92% sealing asset processing SourceMapDevToolPlugin pm-fuel-src-lib-utils-pmds-util-img-flags-pmds-util-img-flags-util-stories.7605271c.iframe.bundle.js generate SourceMap
<s> [webpack.Progress] 92% sealing asset processing SourceMapDevToolPlugin pm-fuel-src-lib-utils-pmds-util-img-flags-pmds-util-img-flags-util-stories.7605271c.iframe.bundle.js generated SourceMap
<s> [webpack.Progress] 92% sealing asset processing SourceMapDevToolPlugin pm-fuel-src-lib-utils-pmds-util-img-svgs-pmds-util-img-svgs-util-stories.fd335bd7.iframe.bundle.js generate SourceMap
<s> [webpack.Progress] 92% sealing asset processing SourceMapDevToolPlugin pm-fuel-src-lib-utils-pmds-util-img-svgs-pmds-util-img-svgs-util-stories.fd335bd7.iframe.bundle.js generated SourceMap
<s> [webpack.Progress] 92% sealing asset processing SourceMapDevToolPlugin pm-fuel-src-lib-utils-pmds-util-styles-pmds-util-colors-stories.23044504.iframe.bundle.js generate SourceMap
<s> [webpack.Progress] 92% sealing asset processing SourceMapDevToolPlugin pm-fuel-src-lib-utils-pmds-util-styles-pmds-util-colors-stories.23044504.iframe.bundle.js generated SourceMap
<s> [webpack.Progress] 92% sealing asset processing SourceMapDevToolPlugin pm-fuel-src-lib-utils-pmds-util-styles-pmds-util-fonts-stories.601c038d.iframe.bundle.js generate SourceMap
<s> [webpack.Progress] 92% sealing asset processing SourceMapDevToolPlugin pm-fuel-src-lib-utils-pmds-util-styles-pmds-util-fonts-stories.601c038d.iframe.bundle.js generated SourceMap
<s> [webpack.Progress] 92% sealing asset processing SourceMapDevToolPlugin pm-fuel-src-lib-utils-pmds-util-styles-pmds-util-icons-stories.046b5a30.iframe.bundle.js generate SourceMap
<s> [webpack.Progress] 92% sealing asset processing SourceMapDevToolPlugin pm-fuel-src-lib-utils-pmds-util-styles-pmds-util-icons-stories.046b5a30.iframe.bundle.js generated SourceMap
<s> [webpack.Progress] 92% sealing asset processing SourceMapDevToolPlugin pm-fuel-src-lib-utils-pmds-util-validators-pmds-util-validators-util-stories.e14be4f6.iframe.bundle.js generate SourceMap
<s> [webpack.Progress] 92% sealing asset processing SourceMapDevToolPlugin pm-fuel-src-lib-utils-pmds-util-validators-pmds-util-validators-util-stories.e14be4f6.iframe.bundle.js generated SourceMap
<s> [webpack.Progress] 92% sealing asset processing SourceMapDevToolPlugin 9614.fea0398f.iframe.bundle.js generate SourceMap
<s> [webpack.Progress] 92% sealing asset processing SourceMapDevToolPlugin 9614.fea0398f.iframe.bundle.js generated SourceMap
<s> [webpack.Progress] 92% sealing asset processing SourceMapDevToolPlugin 2026.007dd969.iframe.bundle.js generate SourceMap
<s> [webpack.Progress] 92% sealing asset processing SourceMapDevToolPlugin 2026.007dd969.iframe.bundle.js generated SourceMap
<s> [webpack.Progress] 92% sealing asset processing SourceMapDevToolPlugin 1619.76e3d385.iframe.bundle.js generate SourceMap
<s> [webpack.Progress] 92% sealing asset processing SourceMapDevToolPlugin 1619.76e3d385.iframe.bundle.js generated SourceMap
<s> [webpack.Progress] 92% sealing asset processing SourceMapDevToolPlugin 5115.69f49755.iframe.bundle.js generate SourceMap
<s> [webpack.Progress] 92% sealing asset processing SourceMapDevToolPlugin 5115.69f49755.iframe.bundle.js generated SourceMap
<s> [webpack.Progress] 92% sealing asset processing SourceMapDevToolPlugin 5252.3a1891b3.iframe.bundle.js generate SourceMap
<s> [webpack.Progress] 92% sealing asset processing SourceMapDevToolPlugin 5252.3a1891b3.iframe.bundle.js generated SourceMap
<s> [webpack.Progress] 92% sealing asset processing SourceMapDevToolPlugin 7974.1b706136.iframe.bundle.js generate SourceMap
<s> [webpack.Progress] 92% sealing asset processing SourceMapDevToolPlugin 7974.1b706136.iframe.bundle.js generated SourceMap
<s> [webpack.Progress] 92% sealing asset processing SourceMapDevToolPlugin 8439.6d8a7ebc.iframe.bundle.js generate SourceMap
<s> [webpack.Progress] 92% sealing asset processing SourceMapDevToolPlugin 8439.6d8a7ebc.iframe.bundle.js generated SourceMap
<s> [webpack.Progress] 92% sealing asset processing SourceMapDevToolPlugin 4402.bb7d2bd9.iframe.bundle.js generate SourceMap
<s> [webpack.Progress] 92% sealing asset processing SourceMapDevToolPlugin 4402.bb7d2bd9.iframe.bundle.js generated SourceMap
<s> [webpack.Progress] 92% sealing asset processing SourceMapDevToolPlugin 6676.a03d01eb.iframe.bundle.js generate SourceMap
<s> [webpack.Progress] 92% sealing asset processing SourceMapDevToolPlugin 6676.a03d01eb.iframe.bundle.js generated SourceMap
<s> [webpack.Progress] 92% sealing asset processing SourceMapDevToolPlugin 4551.d17e9cf2.iframe.bundle.js generate SourceMap
<s> [webpack.Progress] 92% sealing asset processing SourceMapDevToolPlugin 4551.d17e9cf2.iframe.bundle.js generated SourceMap
<s> [webpack.Progress] 92% sealing asset processing SourceMapDevToolPlugin 8533.315fe0a1.iframe.bundle.js generate SourceMap
<s> [webpack.Progress] 92% sealing asset processing SourceMapDevToolPlugin 8533.315fe0a1.iframe.bundle.js generated SourceMap
<s> [webpack.Progress] 92% sealing asset processing SourceMapDevToolPlugin 2973.b2973e03.iframe.bundle.js generate SourceMap
<s> [webpack.Progress] 92% sealing asset processing SourceMapDevToolPlugin 2973.b2973e03.iframe.bundle.js generated SourceMap
<s> [webpack.Progress] 92% sealing asset processing SourceMapDevToolPlugin 2078.18afdb80.iframe.bundle.js generate SourceMap
<s> [webpack.Progress] 92% sealing asset processing SourceMapDevToolPlugin 2078.18afdb80.iframe.bundle.js generated SourceMap
<s> [webpack.Progress] 92% sealing asset processing SourceMapDevToolPlugin 3361.1dc54f6a.iframe.bundle.js generate SourceMap
<s> [webpack.Progress] 92% sealing asset processing SourceMapDevToolPlugin 3361.1dc54f6a.iframe.bundle.js generated SourceMap
<s> [webpack.Progress] 92% sealing asset processing SourceMapDevToolPlugin 1089.32dcad7c.iframe.bundle.js generate SourceMap
<s> [webpack.Progress] 92% sealing asset processing SourceMapDevToolPlugin 1089.32dcad7c.iframe.bundle.js generated SourceMap
<s> [webpack.Progress] 92% sealing asset processing SourceMapDevToolPlugin 6752.ec00fb9e.iframe.bundle.js generate SourceMap
<s> [webpack.Progress] 92% sealing asset processing SourceMapDevToolPlugin 6752.ec00fb9e.iframe.bundle.js generated SourceMap
<s> [webpack.Progress] 92% sealing asset processing SourceMapDevToolPlugin 9242.943a7f0e.iframe.bundle.js generate SourceMap
<s> [webpack.Progress] 92% sealing asset processing SourceMapDevToolPlugin 9242.943a7f0e.iframe.bundle.js generated SourceMap
<s> [webpack.Progress] 92% sealing asset processing SourceMapDevToolPlugin 5893.e0924b86.iframe.bundle.js generate SourceMap
<s> [webpack.Progress] 92% sealing asset processing SourceMapDevToolPlugin 5893.e0924b86.iframe.bundle.js generated SourceMap
<s> [webpack.Progress] 92% sealing asset processing SourceMapDevToolPlugin 640.12857622.iframe.bundle.js generate SourceMap
<s> [webpack.Progress] 92% sealing asset processing SourceMapDevToolPlugin 640.12857622.iframe.bundle.js generated SourceMap
<s> [webpack.Progress] 92% sealing asset processing SourceMapDevToolPlugin 3631.a78350c2.iframe.bundle.js generate SourceMap
<s> [webpack.Progress] 92% sealing asset processing SourceMapDevToolPlugin 3631.a78350c2.iframe.bundle.js generated SourceMap
<s> [webpack.Progress] 92% sealing asset processing SourceMapDevToolPlugin 2793.421dd8ce.iframe.bundle.js generate SourceMap
<s> [webpack.Progress] 92% sealing asset processing SourceMapDevToolPlugin 2793.421dd8ce.iframe.bundle.js generated SourceMap
<s> [webpack.Progress] 92% sealing asset processing SourceMapDevToolPlugin 3859.9e592d4f.iframe.bundle.js generate SourceMap
<s> [webpack.Progress] 92% sealing asset processing SourceMapDevToolPlugin 3859.9e592d4f.iframe.bundle.js generated SourceMap
<s> [webpack.Progress] 92% sealing asset processing SourceMapDevToolPlugin 6952.a63e00b6.iframe.bundle.js generate SourceMap
<s> [webpack.Progress] 92% sealing asset processing SourceMapDevToolPlugin 6952.a63e00b6.iframe.bundle.js generated SourceMap
<s> [webpack.Progress] 92% sealing asset processing SourceMapDevToolPlugin resolve sources
<s> [webpack.Progress] 92% sealing asset processing SourceMapDevToolPlugin 4402.bb7d2bd9.iframe.bundle.js attach SourceMap
<s> [webpack.Progress] 92% sealing asset processing SourceMapDevToolPlugin 4402.bb7d2bd9.iframe.bundle.js attached SourceMap
<s> [webpack.Progress] 92% sealing asset processing SourceMapDevToolPlugin 4551.d17e9cf2.iframe.bundle.js attach SourceMap
<s> [webpack.Progress] 92% sealing asset processing SourceMapDevToolPlugin 4551.d17e9cf2.iframe.bundle.js attached SourceMap
<s> [webpack.Progress] 92% sealing asset processing SourceMapDevToolPlugin
<s> [webpack.Progress] 92% sealing asset processing SourceMapDevToolPlugin
<s> [webpack.Progress] 92% sealing asset processing SourceMapDevToolPlugin resolve sources
<s> [webpack.Progress] 92% sealing asset processing SourceMapDevToolPlugin
<s> [webpack.Progress] 92% sealing asset processing HtmlWebpackPlugin
<s> [webpack.Progress] 92% sealing asset processing HtmlWebpackPlugin
<s> [webpack.Progress] 92% sealing asset processing HtmlWebpackPlugin resolve sources
<s> [webpack.Progress] 92% sealing asset processing HtmlWebpackPlugin
<s> [webpack.Progress] 92% sealing asset processing RealContentHashPlugin
<s> [webpack.Progress] 92% sealing asset processing RealContentHashPlugin
<s> [webpack.Progress] 92% sealing asset processing RealContentHashPlugin main.c238b86f.iframe.bundle.js generate SourceMap
<s> [webpack.Progress] 92% sealing asset processing RealContentHashPlugin main.c238b86f.iframe.bundle.js generated SourceMap
<s> [webpack.Progress] 92% sealing asset processing RealContentHashPlugin runtime~main.6911ecac.iframe.bundle.js generate SourceMap
<s> [webpack.Progress] 92% sealing asset processing RealContentHashPlugin runtime~main.6911ecac.iframe.bundle.js generated SourceMap
<s> [webpack.Progress] 92% sealing asset processing RealContentHashPlugin changelog-page-changelog-page-mdx.4ebe1cc4.iframe.bundle.js generate SourceMap
<s> [webpack.Progress] 92% sealing asset processing RealContentHashPlugin changelog-page-changelog-page-mdx.4ebe1cc4.iframe.bundle.js generated SourceMap
<s> [webpack.Progress] 92% sealing asset processing RealContentHashPlugin install-page-install-page-mdx.b265b42b.iframe.bundle.js generate SourceMap
<s> [webpack.Progress] 92% sealing asset processing RealContentHashPlugin install-page-install-page-mdx.b265b42b.iframe.bundle.js generated SourceMap
<s> [webpack.Progress] 92% sealing asset processing RealContentHashPlugin landing-page-landing-page-mdx.a305cb38.iframe.bundle.js generate SourceMap
<s> [webpack.Progress] 92% sealing asset processing RealContentHashPlugin landing-page-landing-page-mdx.a305cb38.iframe.bundle.js generated SourceMap
<s> [webpack.Progress] 92% sealing asset processing RealContentHashPlugin pm-fuel-src-lib-core-pmds-core-cache-pmds-core-cache-service-stories.9f7d1c79.iframe.bundle.js generate SourceMap
<s> [webpack.Progress] 92% sealing asset processing RealContentHashPlugin pm-fuel-src-lib-core-pmds-core-cache-pmds-core-cache-service-stories.9f7d1c79.iframe.bundle.js generated SourceMap
<s> [webpack.Progress] 92% sealing asset processing RealContentHashPlugin pm-fuel-src-lib-core-pmds-core-storage-pmds-core-storage-service-stories.7f6d48db.iframe.bundle.js generate SourceMap
<s> [webpack.Progress] 92% sealing asset processing RealContentHashPlugin pm-fuel-src-lib-core-pmds-core-storage-pmds-core-storage-service-stories.7f6d48db.iframe.bundle.js generated SourceMap
<s> [webpack.Progress] 92% sealing asset processing RealContentHashPlugin pm-fuel-src-lib-directives-pmds-directive-decimal-number-format-pmds-directive-decimal-number-format-directive-stories.42bf367c.iframe.bundle.js generate SourceMap
<s> [webpack.Progress] 92% sealing asset processing RealContentHashPlugin pm-fuel-src-lib-directives-pmds-directive-decimal-number-format-pmds-directive-decimal-number-format-directive-stories.42bf367c.iframe.bundle.js generated SourceMap
<s> [webpack.Progress] 92% sealing asset processing RealContentHashPlugin pm-fuel-src-lib-directives-pmds-directive-mask-amount-input-pmds-directive-mask-amount-input-directive-stories.a4805a0d.iframe.bundle.js generate SourceMap
<s> [webpack.Progress] 92% sealing asset processing RealContentHashPlugin pm-fuel-src-lib-directives-pmds-directive-mask-amount-input-pmds-directive-mask-amount-input-directive-stories.a4805a0d.iframe.bundle.js generated SourceMap
<s> [webpack.Progress] 92% sealing asset processing RealContentHashPlugin pm-fuel-src-lib-directives-pmds-directive-no-leading-spaces-input-pmds-directive-no-leading-spaces-input-directive-stories.f8c86c62.iframe.bundle.js generate SourceMap
<s> [webpack.Progress] 92% sealing asset processing RealContentHashPlugin pm-fuel-src-lib-directives-pmds-directive-no-leading-spaces-input-pmds-directive-no-leading-spaces-input-directive-stories.f8c86c62.iframe.bundle.js generated SourceMap
<s> [webpack.Progress] 92% sealing asset processing RealContentHashPlugin pm-fuel-src-lib-directives-pmds-directive-title-pmds-directive-title-directive-stories.0d8f9081.iframe.bundle.js generate SourceMap
<s> [webpack.Progress] 92% sealing asset processing RealContentHashPlugin pm-fuel-src-lib-directives-pmds-directive-title-pmds-directive-title-directive-stories.0d8f9081.iframe.bundle.js generated SourceMap
<s> [webpack.Progress] 92% sealing asset processing RealContentHashPlugin pm-fuel-src-lib-directives-pmds-directive-tooltip-pmds-directive-tooltip-directive-stories.fc4a7f70.iframe.bundle.js generate SourceMap
<s> [webpack.Progress] 92% sealing asset processing RealContentHashPlugin pm-fuel-src-lib-directives-pmds-directive-tooltip-pmds-directive-tooltip-directive-stories.fc4a7f70.iframe.bundle.js generated SourceMap
<s> [webpack.Progress] 92% sealing asset processing RealContentHashPlugin pm-fuel-src-lib-directives-pmds-directive-viewport-overflow-pmds-directive-viewport-overflow-directive-stories.399853f0.iframe.bundle.js generate SourceMap
<s> [webpack.Progress] 92% sealing asset processing RealContentHashPlugin pm-fuel-src-lib-directives-pmds-directive-viewport-overflow-pmds-directive-viewport-overflow-directive-stories.399853f0.iframe.bundle.js generated SourceMap
<s> [webpack.Progress] 92% sealing asset processing RealContentHashPlugin pm-fuel-src-lib-pipes-pmds-pipe-account-format-pmds-pipe-account-format-pipe-stories.5615d57f.iframe.bundle.js generate SourceMap
<s> [webpack.Progress] 92% sealing asset processing RealContentHashPlugin pm-fuel-src-lib-pipes-pmds-pipe-account-format-pmds-pipe-account-format-pipe-stories.5615d57f.iframe.bundle.js generated SourceMap
<s> [webpack.Progress] 92% sealing asset processing RealContentHashPlugin pm-fuel-src-lib-pipes-pmds-pipe-account-hidden-pmds-pipe-account-hidden-pipe-stories.a6754fa3.iframe.bundle.js generate SourceMap
<s> [webpack.Progress] 92% sealing asset processing RealContentHashPlugin pm-fuel-src-lib-pipes-pmds-pipe-account-hidden-pmds-pipe-account-hidden-pipe-stories.a6754fa3.iframe.bundle.js generated SourceMap
<s> [webpack.Progress] 92% sealing asset processing RealContentHashPlugin pm-fuel-src-lib-pipes-pmds-pipe-camelcase-to-snakecase-uppercase-pmds-pipe-camelcase-to-snakecase-uppercase-pipe-stories.dfe517b4.iframe.bundle.js generate SourceMap
<s> [webpack.Progress] 92% sealing asset processing RealContentHashPlugin pm-fuel-src-lib-pipes-pmds-pipe-camelcase-to-snakecase-uppercase-pmds-pipe-camelcase-to-snakecase-uppercase-pipe-stories.dfe517b4.iframe.bundle.js generated SourceMap
<s> [webpack.Progress] 92% sealing asset processing RealContentHashPlugin pm-fuel-src-lib-pipes-pmds-pipe-date-time-pmds-pipe-date-time-pipe-stories.e4318496.iframe.bundle.js generate SourceMap
<s> [webpack.Progress] 92% sealing asset processing RealContentHashPlugin pm-fuel-src-lib-pipes-pmds-pipe-date-time-pmds-pipe-date-time-pipe-stories.e4318496.iframe.bundle.js generated SourceMap
<s> [webpack.Progress] 92% sealing asset processing RealContentHashPlugin pm-fuel-src-lib-pipes-pmds-pipe-exchange-decimals-pmds-pipe-exchange-decimals-pipe-stories.a7a2aabb.iframe.bundle.js generate SourceMap
<s> [webpack.Progress] 92% sealing asset processing RealContentHashPlugin pm-fuel-src-lib-pipes-pmds-pipe-exchange-decimals-pmds-pipe-exchange-decimals-pipe-stories.a7a2aabb.iframe.bundle.js generated SourceMap
<s> [webpack.Progress] 92% sealing asset processing RealContentHashPlugin pm-fuel-src-lib-pipes-pmds-pipe-only-decimals-pmds-pipe-only-decimals-pipe-stories.84d58020.iframe.bundle.js generate SourceMap
<s> [webpack.Progress] 92% sealing asset processing RealContentHashPlugin pm-fuel-src-lib-pipes-pmds-pipe-only-decimals-pmds-pipe-only-decimals-pipe-stories.84d58020.iframe.bundle.js generated SourceMap
<s> [webpack.Progress] 92% sealing asset processing RealContentHashPlugin pm-fuel-src-lib-pipes-pmds-pipe-relationship-format-pmds-pipe-relationship-format-pipe-stories.9e0fd5fe.iframe.bundle.js generate SourceMap
<s> [webpack.Progress] 92% sealing asset processing RealContentHashPlugin pm-fuel-src-lib-pipes-pmds-pipe-relationship-format-pmds-pipe-relationship-format-pipe-stories.9e0fd5fe.iframe.bundle.js generated SourceMap
<s> [webpack.Progress] 92% sealing asset processing RealContentHashPlugin pm-fuel-src-lib-pipes-pmds-pipe-salesforce-number-format-pmds-pipe-salesforce-number-format-pipe-stories.a84140ad.iframe.bundle.js generate SourceMap
<s> [webpack.Progress] 92% sealing asset processing RealContentHashPlugin pm-fuel-src-lib-pipes-pmds-pipe-salesforce-number-format-pmds-pipe-salesforce-number-format-pipe-stories.a84140ad.iframe.bundle.js generated SourceMap
<s> [webpack.Progress] 92% sealing asset processing RealContentHashPlugin pm-fuel-src-lib-pipes-pmds-pipe-transaction-reference-pmds-pipe-transaction-reference-pipe-stories.f1f1f391.iframe.bundle.js generate SourceMap
<s> [webpack.Progress] 92% sealing asset processing RealContentHashPlugin pm-fuel-src-lib-pipes-pmds-pipe-transaction-reference-pmds-pipe-transaction-reference-pipe-stories.f1f1f391.iframe.bundle.js generated SourceMap
<s> [webpack.Progress] 92% sealing asset processing RealContentHashPlugin pm-fuel-src-lib-pipes-pmds-pipe-truncate-ellipsis-pmds-pipe-truncate-ellipsis-pipe-stories.d57fb3d2.iframe.bundle.js generate SourceMap
<s> [webpack.Progress] 92% sealing asset processing RealContentHashPlugin pm-fuel-src-lib-pipes-pmds-pipe-truncate-ellipsis-pmds-pipe-truncate-ellipsis-pipe-stories.d57fb3d2.iframe.bundle.js generated SourceMap
<s> [webpack.Progress] 92% sealing asset processing RealContentHashPlugin pm-fuel-src-lib-pipes-pmds-pipe-type-of-pmds-pipe-type-of-pipe-stories.e57732cc.iframe.bundle.js generate SourceMap
<s> [webpack.Progress] 92% sealing asset processing RealContentHashPlugin pm-fuel-src-lib-pipes-pmds-pipe-type-of-pmds-pipe-type-of-pipe-stories.e57732cc.iframe.bundle.js generated SourceMap
<s> [webpack.Progress] 92% sealing asset processing RealContentHashPlugin pm-fuel-src-lib-pmds-cdk-accordion-pmds-cdk-accordion-component-stories.77a039cf.iframe.bundle.js generate SourceMap
<s> [webpack.Progress] 92% sealing asset processing RealContentHashPlugin pm-fuel-src-lib-pmds-cdk-accordion-pmds-cdk-accordion-component-stories.77a039cf.iframe.bundle.js generated SourceMap
<s> [webpack.Progress] 92% sealing asset processing RealContentHashPlugin pm-fuel-src-lib-pmds-cdk-action-bar-pmds-cdk-action-bar-component-stories.36103201.iframe.bundle.js generate SourceMap
<s> [webpack.Progress] 92% sealing asset processing RealContentHashPlugin pm-fuel-src-lib-pmds-cdk-action-bar-pmds-cdk-action-bar-component-stories.36103201.iframe.bundle.js generated SourceMap
<s> [webpack.Progress] 92% sealing asset processing RealContentHashPlugin pm-fuel-src-lib-pmds-cdk-action-row-bar-pmds-cdk-action-row-bar-component-stories.0e2b6cb3.iframe.bundle.js generate SourceMap
<s> [webpack.Progress] 92% sealing asset processing RealContentHashPlugin pm-fuel-src-lib-pmds-cdk-action-row-bar-pmds-cdk-action-row-bar-component-stories.0e2b6cb3.iframe.bundle.js generated SourceMap
<s> [webpack.Progress] 92% sealing asset processing RealContentHashPlugin pm-fuel-src-lib-pmds-cdk-alert-pmds-cdk-alert-component-stories.e06c21cc.iframe.bundle.js generate SourceMap
<s> [webpack.Progress] 92% sealing asset processing RealContentHashPlugin pm-fuel-src-lib-pmds-cdk-alert-pmds-cdk-alert-component-stories.e06c21cc.iframe.bundle.js generated SourceMap
<s> [webpack.Progress] 92% sealing asset processing RealContentHashPlugin pm-fuel-src-lib-pmds-cdk-autocomplete-multidestinatary-pmds-cdk-autocomplete-multidestinatary-component-stories.1883e8be.iframe.bundle.js generate SourceMap
<s> [webpack.Progress] 92% sealing asset processing RealContentHashPlugin pm-fuel-src-lib-pmds-cdk-autocomplete-multidestinatary-pmds-cdk-autocomplete-multidestinatary-component-stories.1883e8be.iframe.bundle.js generated SourceMap
<s> [webpack.Progress] 92% sealing asset processing RealContentHashPlugin pm-fuel-src-lib-pmds-cdk-autocomplete-pmds-cdk-autocomplete-component-stories.f04ac336.iframe.bundle.js generate SourceMap
<s> [webpack.Progress] 92% sealing asset processing RealContentHashPlugin pm-fuel-src-lib-pmds-cdk-autocomplete-pmds-cdk-autocomplete-component-stories.f04ac336.iframe.bundle.js generated SourceMap
<s> [webpack.Progress] 92% sealing asset processing RealContentHashPlugin pm-fuel-src-lib-pmds-cdk-badget-numbers-pmds-cdk-badget-numbers-component-stories.8fcf8a47.iframe.bundle.js generate SourceMap
<s> [webpack.Progress] 92% sealing asset processing RealContentHashPlugin pm-fuel-src-lib-pmds-cdk-badget-numbers-pmds-cdk-badget-numbers-component-stories.8fcf8a47.iframe.bundle.js generated SourceMap
<s> [webpack.Progress] 92% sealing asset processing RealContentHashPlugin pm-fuel-src-lib-pmds-cdk-button-all-filters-pmds-cdk-button-all-filters-component-stories.c432364a.iframe.bundle.js generate SourceMap
<s> [webpack.Progress] 92% sealing asset processing RealContentHashPlugin pm-fuel-src-lib-pmds-cdk-button-all-filters-pmds-cdk-button-all-filters-component-stories.c432364a.iframe.bundle.js generated SourceMap
<s> [webpack.Progress] 92% sealing asset processing RealContentHashPlugin pm-fuel-src-lib-pmds-cdk-button-dropdown-pmds-cdk-button-dropdown-component-stories.40d373da.iframe.bundle.js generate SourceMap
<s> [webpack.Progress] 92% sealing asset processing RealContentHashPlugin pm-fuel-src-lib-pmds-cdk-button-dropdown-pmds-cdk-button-dropdown-component-stories.40d373da.iframe.bundle.js generated SourceMap
<s> [webpack.Progress] 92% sealing asset processing RealContentHashPlugin pm-fuel-src-lib-pmds-cdk-button-floating-pmds-cdk-button-floating-component-stories.605ed4e6.iframe.bundle.js generate SourceMap
<s> [webpack.Progress] 92% sealing asset processing RealContentHashPlugin pm-fuel-src-lib-pmds-cdk-button-floating-pmds-cdk-button-floating-component-stories.605ed4e6.iframe.bundle.js generated SourceMap
<s> [webpack.Progress] 92% sealing asset processing RealContentHashPlugin pm-fuel-src-lib-pmds-cdk-button-modal-pmds-cdk-button-modal-component-stories.240b6135.iframe.bundle.js generate SourceMap
<s> [webpack.Progress] 92% sealing asset processing RealContentHashPlugin pm-fuel-src-lib-pmds-cdk-button-modal-pmds-cdk-button-modal-component-stories.240b6135.iframe.bundle.js generated SourceMap
<s> [webpack.Progress] 92% sealing asset processing RealContentHashPlugin pm-fuel-src-lib-pmds-cdk-button-pmds-cdk-button-component-stories.87a9751f.iframe.bundle.js generate SourceMap
<s> [webpack.Progress] 92% sealing asset processing RealContentHashPlugin pm-fuel-src-lib-pmds-cdk-button-pmds-cdk-button-component-stories.87a9751f.iframe.bundle.js generated SourceMap
<s> [webpack.Progress] 92% sealing asset processing RealContentHashPlugin pm-fuel-src-lib-pmds-cdk-calendar-pmds-cdk-calendar-component-stories.e9e6e12d.iframe.bundle.js generate SourceMap
<s> [webpack.Progress] 92% sealing asset processing RealContentHashPlugin pm-fuel-src-lib-pmds-cdk-calendar-pmds-cdk-calendar-component-stories.e9e6e12d.iframe.bundle.js generated SourceMap
<s> [webpack.Progress] 92% sealing asset processing RealContentHashPlugin pm-fuel-src-lib-pmds-cdk-cards-account-action-pmds-cdk-cards-account-action-component-stories.473ff945.iframe.bundle.js generate SourceMap
<s> [webpack.Progress] 92% sealing asset processing RealContentHashPlugin pm-fuel-src-lib-pmds-cdk-cards-account-action-pmds-cdk-cards-account-action-component-stories.473ff945.iframe.bundle.js generated SourceMap
<s> [webpack.Progress] 92% sealing asset processing RealContentHashPlugin pm-fuel-src-lib-pmds-cdk-cards-file-upload-pmds-cdk-cards-file-upload-component-stories.4aba660e.iframe.bundle.js generate SourceMap
<s> [webpack.Progress] 92% sealing asset processing RealContentHashPlugin pm-fuel-src-lib-pmds-cdk-cards-file-upload-pmds-cdk-cards-file-upload-component-stories.4aba660e.iframe.bundle.js generated SourceMap
<s> [webpack.Progress] 92% sealing asset processing RealContentHashPlugin pm-fuel-src-lib-pmds-cdk-cards-information-pmds-cdk-cards-information-component-stories.6aabf6f1.iframe.bundle.js generate SourceMap
<s> [webpack.Progress] 92% sealing asset processing RealContentHashPlugin pm-fuel-src-lib-pmds-cdk-cards-information-pmds-cdk-cards-information-component-stories.6aabf6f1.iframe.bundle.js generated SourceMap
<s> [webpack.Progress] 92% sealing asset processing RealContentHashPlugin pm-fuel-src-lib-pmds-cdk-cards-selector-pmds-cdk-cards-selector-component-stories.84b806d3.iframe.bundle.js generate SourceMap
<s> [webpack.Progress] 92% sealing asset processing RealContentHashPlugin pm-fuel-src-lib-pmds-cdk-cards-selector-pmds-cdk-cards-selector-component-stories.84b806d3.iframe.bundle.js generated SourceMap
<s> [webpack.Progress] 92% sealing asset processing RealContentHashPlugin pm-fuel-src-lib-pmds-cdk-cards-settings-pmds-cdk-cards-settings-component-stories.5187e2ad.iframe.bundle.js generate SourceMap
<s> [webpack.Progress] 92% sealing asset processing RealContentHashPlugin pm-fuel-src-lib-pmds-cdk-cards-settings-pmds-cdk-cards-settings-component-stories.5187e2ad.iframe.bundle.js generated SourceMap
<s> [webpack.Progress] 92% sealing asset processing RealContentHashPlugin pm-fuel-src-lib-pmds-cdk-checkbox-pmds-cdk-checkbox-component-stories.7099db84.iframe.bundle.js generate SourceMap
<s> [webpack.Progress] 92% sealing asset processing RealContentHashPlugin pm-fuel-src-lib-pmds-cdk-checkbox-pmds-cdk-checkbox-component-stories.7099db84.iframe.bundle.js generated SourceMap
<s> [webpack.Progress] 92% sealing asset processing RealContentHashPlugin pm-fuel-src-lib-pmds-cdk-copy-clipboard-pmds-cdk-copy-clipboard-component-stories.a17df3a8.iframe.bundle.js generate SourceMap
<s> [webpack.Progress] 92% sealing asset processing RealContentHashPlugin pm-fuel-src-lib-pmds-cdk-copy-clipboard-pmds-cdk-copy-clipboard-component-stories.a17df3a8.iframe.bundle.js generated SourceMap
<s> [webpack.Progress] 92% sealing asset processing RealContentHashPlugin pm-fuel-src-lib-pmds-cdk-country-label-pmds-cdk-country-label-component-stories.646727ad.iframe.bundle.js generate SourceMap
<s> [webpack.Progress] 92% sealing asset processing RealContentHashPlugin pm-fuel-src-lib-pmds-cdk-country-label-pmds-cdk-country-label-component-stories.646727ad.iframe.bundle.js generated SourceMap
<s> [webpack.Progress] 92% sealing asset processing RealContentHashPlugin pm-fuel-src-lib-pmds-cdk-datepicker-pmds-cdk-datepicker-component-stories.05cee5f1.iframe.bundle.js generate SourceMap
<s> [webpack.Progress] 92% sealing asset processing RealContentHashPlugin pm-fuel-src-lib-pmds-cdk-datepicker-pmds-cdk-datepicker-component-stories.05cee5f1.iframe.bundle.js generated SourceMap
<s> [webpack.Progress] 92% sealing asset processing RealContentHashPlugin pm-fuel-src-lib-pmds-cdk-divider-pmds-cdk-divider-component-stories.a5d62423.iframe.bundle.js generate SourceMap
<s> [webpack.Progress] 92% sealing asset processing RealContentHashPlugin pm-fuel-src-lib-pmds-cdk-divider-pmds-cdk-divider-component-stories.a5d62423.iframe.bundle.js generated SourceMap
<s> [webpack.Progress] 92% sealing asset processing RealContentHashPlugin pm-fuel-src-lib-pmds-cdk-download-id-app-buttons-pmds-cdk-download-id-app-buttons-component-stories.9d2cf3d7.iframe.bundle.js generate SourceMap
<s> [webpack.Progress] 92% sealing asset processing RealContentHashPlugin pm-fuel-src-lib-pmds-cdk-download-id-app-buttons-pmds-cdk-download-id-app-buttons-component-stories.9d2cf3d7.iframe.bundle.js generated SourceMap
<s> [webpack.Progress] 92% sealing asset processing RealContentHashPlugin pm-fuel-src-lib-pmds-cdk-dropdown-range-pmds-cdk-dropdown-range-component-stories.2bdb84c8.iframe.bundle.js generate SourceMap
<s> [webpack.Progress] 92% sealing asset processing RealContentHashPlugin pm-fuel-src-lib-pmds-cdk-dropdown-range-pmds-cdk-dropdown-range-component-stories.2bdb84c8.iframe.bundle.js generated SourceMap
<s> [webpack.Progress] 92% sealing asset processing RealContentHashPlugin pm-fuel-src-lib-pmds-cdk-dropdown-pmds-cdk-dropdown-component-stories.394d6943.iframe.bundle.js generate SourceMap
<s> [webpack.Progress] 92% sealing asset processing RealContentHashPlugin pm-fuel-src-lib-pmds-cdk-dropdown-pmds-cdk-dropdown-component-stories.394d6943.iframe.bundle.js generated SourceMap
<s> [webpack.Progress] 92% sealing asset processing RealContentHashPlugin pm-fuel-src-lib-pmds-cdk-editable-content-pmds-cdk-editable-content-component-stories.3c54acaf.iframe.bundle.js generate SourceMap
<s> [webpack.Progress] 92% sealing asset processing RealContentHashPlugin pm-fuel-src-lib-pmds-cdk-editable-content-pmds-cdk-editable-content-component-stories.3c54acaf.iframe.bundle.js generated SourceMap
<s> [webpack.Progress] 92% sealing asset processing RealContentHashPlugin pm-fuel-src-lib-pmds-cdk-error-page-pmds-cdk-error-page-component-stories.dbe716cd.iframe.bundle.js generate SourceMap
<s> [webpack.Progress] 92% sealing asset processing RealContentHashPlugin pm-fuel-src-lib-pmds-cdk-error-page-pmds-cdk-error-page-component-stories.dbe716cd.iframe.bundle.js generated SourceMap
<s> [webpack.Progress] 92% sealing asset processing RealContentHashPlugin pm-fuel-src-lib-pmds-cdk-expansion-panel-pmds-cdk-expansion-panel-component-stories.a18125bb.iframe.bundle.js generate SourceMap
<s> [webpack.Progress] 92% sealing asset processing RealContentHashPlugin pm-fuel-src-lib-pmds-cdk-expansion-panel-pmds-cdk-expansion-panel-component-stories.a18125bb.iframe.bundle.js generated SourceMap
<s> [webpack.Progress] 92% sealing asset processing RealContentHashPlugin pm-fuel-src-lib-pmds-cdk-file-downloader-info-pmds-cdk-file-downloader-info-component-stories.2ee7113f.iframe.bundle.js generate SourceMap
<s> [webpack.Progress] 92% sealing asset processing RealContentHashPlugin pm-fuel-src-lib-pmds-cdk-file-downloader-info-pmds-cdk-file-downloader-info-component-stories.2ee7113f.iframe.bundle.js generated SourceMap
<s> [webpack.Progress] 92% sealing asset processing RealContentHashPlugin pm-fuel-src-lib-pmds-cdk-footer-pmds-cdk-footer-component-stories.3bc0abf1.iframe.bundle.js generate SourceMap
<s> [webpack.Progress] 92% sealing asset processing RealContentHashPlugin pm-fuel-src-lib-pmds-cdk-footer-pmds-cdk-footer-component-stories.3bc0abf1.iframe.bundle.js generated SourceMap
<s> [webpack.Progress] 92% sealing asset processing RealContentHashPlugin pm-fuel-src-lib-pmds-cdk-form-error-message-pmds-cdk-form-error-message-component-stories.31974ed5.iframe.bundle.js generate SourceMap
<s> [webpack.Progress] 92% sealing asset processing RealContentHashPlugin pm-fuel-src-lib-pmds-cdk-form-error-message-pmds-cdk-form-error-message-component-stories.31974ed5.iframe.bundle.js generated SourceMap
<s> [webpack.Progress] 92% sealing asset processing RealContentHashPlugin pm-fuel-src-lib-pmds-cdk-graphs-line-chart-pmds-cdk-graphs-line-chart-component-stories.798fc68f.iframe.bundle.js generate SourceMap
<s> [webpack.Progress] 92% sealing asset processing RealContentHashPlugin pm-fuel-src-lib-pmds-cdk-graphs-line-chart-pmds-cdk-graphs-line-chart-component-stories.798fc68f.iframe.bundle.js generated SourceMap
<s> [webpack.Progress] 92% sealing asset processing RealContentHashPlugin pm-fuel-src-lib-pmds-cdk-graphs-pie-chart-pmds-cdk-graphs-pie-chart-component-stories.a63ed64d.iframe.bundle.js generate SourceMap
<s> [webpack.Progress] 92% sealing asset processing RealContentHashPlugin pm-fuel-src-lib-pmds-cdk-graphs-pie-chart-pmds-cdk-graphs-pie-chart-component-stories.a63ed64d.iframe.bundle.js generated SourceMap
<s> [webpack.Progress] 92% sealing asset processing RealContentHashPlugin pm-fuel-src-lib-pmds-cdk-graphs-sequential-bar-chart-pmds-cdk-graphs-sequential-bar-chart-component-stories.825525a4.iframe.bundle.js generate SourceMap
<s> [webpack.Progress] 92% sealing asset processing RealContentHashPlugin pm-fuel-src-lib-pmds-cdk-graphs-sequential-bar-chart-pmds-cdk-graphs-sequential-bar-chart-component-stories.825525a4.iframe.bundle.js generated SourceMap
<s> [webpack.Progress] 92% sealing asset processing RealContentHashPlugin pm-fuel-src-lib-pmds-cdk-header-pmds-cdk-header-component-stories.6d1f8abe.iframe.bundle.js generate SourceMap
<s> [webpack.Progress] 92% sealing asset processing RealContentHashPlugin pm-fuel-src-lib-pmds-cdk-header-pmds-cdk-header-component-stories.6d1f8abe.iframe.bundle.js generated SourceMap
<s> [webpack.Progress] 92% sealing asset processing RealContentHashPlugin pm-fuel-src-lib-pmds-cdk-loader-pmds-cdk-loader-component-stories.e336ea1c.iframe.bundle.js generate SourceMap
<s> [webpack.Progress] 92% sealing asset processing RealContentHashPlugin pm-fuel-src-lib-pmds-cdk-loader-pmds-cdk-loader-component-stories.e336ea1c.iframe.bundle.js generated SourceMap
<s> [webpack.Progress] 92% sealing asset processing RealContentHashPlugin pm-fuel-src-lib-pmds-cdk-menu-and-submenu-pmds-cdk-menu-and-submenu-component-stories.f9c0bdc8.iframe.bundle.js generate SourceMap
<s> [webpack.Progress] 92% sealing asset processing RealContentHashPlugin pm-fuel-src-lib-pmds-cdk-menu-and-submenu-pmds-cdk-menu-and-submenu-component-stories.f9c0bdc8.iframe.bundle.js generated SourceMap
<s> [webpack.Progress] 92% sealing asset processing RealContentHashPlugin pm-fuel-src-lib-pmds-cdk-message-pmds-cdk-message-component-stories.7662dcc2.iframe.bundle.js generate SourceMap
<s> [webpack.Progress] 92% sealing asset processing RealContentHashPlugin pm-fuel-src-lib-pmds-cdk-message-pmds-cdk-message-component-stories.7662dcc2.iframe.bundle.js generated SourceMap
<s> [webpack.Progress] 92% sealing asset processing RealContentHashPlugin pm-fuel-src-lib-pmds-cdk-modal-pmds-cdk-modal-component-stories.dcebc84b.iframe.bundle.js generate SourceMap
<s> [webpack.Progress] 92% sealing asset processing RealContentHashPlugin pm-fuel-src-lib-pmds-cdk-modal-pmds-cdk-modal-component-stories.dcebc84b.iframe.bundle.js generated SourceMap
<s> [webpack.Progress] 92% sealing asset processing RealContentHashPlugin pm-fuel-src-lib-pmds-cdk-notifications-popover-pmds-cdk-notifications-popover-component-stories.14a25d56.iframe.bundle.js generate SourceMap
<s> [webpack.Progress] 92% sealing asset processing RealContentHashPlugin pm-fuel-src-lib-pmds-cdk-notifications-popover-pmds-cdk-notifications-popover-component-stories.14a25d56.iframe.bundle.js generated SourceMap
<s> [webpack.Progress] 92% sealing asset processing RealContentHashPlugin pm-fuel-src-lib-pmds-cdk-option-buttons-pmds-cdk-option-buttons-component-stories.54fbb828.iframe.bundle.js generate SourceMap
<s> [webpack.Progress] 92% sealing asset processing RealContentHashPlugin pm-fuel-src-lib-pmds-cdk-option-buttons-pmds-cdk-option-buttons-component-stories.54fbb828.iframe.bundle.js generated SourceMap
<s> [webpack.Progress] 92% sealing asset processing RealContentHashPlugin pm-fuel-src-lib-pmds-cdk-page-controller-pmds-cdk-page-controller-component-stories.d12f8edc.iframe.bundle.js generate SourceMap
<s> [webpack.Progress] 92% sealing asset processing RealContentHashPlugin pm-fuel-src-lib-pmds-cdk-page-controller-pmds-cdk-page-controller-component-stories.d12f8edc.iframe.bundle.js generated SourceMap
<s> [webpack.Progress] 92% sealing asset processing RealContentHashPlugin pm-fuel-src-lib-pmds-cdk-page-header-pmds-cdk-page-header-component-stories.9b273037.iframe.bundle.js generate SourceMap
<s> [webpack.Progress] 92% sealing asset processing RealContentHashPlugin pm-fuel-src-lib-pmds-cdk-page-header-pmds-cdk-page-header-component-stories.9b273037.iframe.bundle.js generated SourceMap
<s> [webpack.Progress] 92% sealing asset processing RealContentHashPlugin pm-fuel-src-lib-pmds-cdk-paginator-pmds-cdk-paginator-component-stories.316d2483.iframe.bundle.js generate SourceMap
<s> [webpack.Progress] 92% sealing asset processing RealContentHashPlugin pm-fuel-src-lib-pmds-cdk-paginator-pmds-cdk-paginator-component-stories.316d2483.iframe.bundle.js generated SourceMap
<s> [webpack.Progress] 92% sealing asset processing RealContentHashPlugin pm-fuel-src-lib-pmds-cdk-pending-task-pmds-cdk-pending-task-component-stories.b25689f1.iframe.bundle.js generate SourceMap
<s> [webpack.Progress] 92% sealing asset processing RealContentHashPlugin pm-fuel-src-lib-pmds-cdk-pending-task-pmds-cdk-pending-task-component-stories.b25689f1.iframe.bundle.js generated SourceMap
<s> [webpack.Progress] 92% sealing asset processing RealContentHashPlugin pm-fuel-src-lib-pmds-cdk-phone-input-pmds-cdk-phone-input-component-stories.6fa683fa.iframe.bundle.js generate SourceMap
<s> [webpack.Progress] 92% sealing asset processing RealContentHashPlugin pm-fuel-src-lib-pmds-cdk-phone-input-pmds-cdk-phone-input-component-stories.6fa683fa.iframe.bundle.js generated SourceMap
<s> [webpack.Progress] 92% sealing asset processing RealContentHashPlugin pm-fuel-src-lib-pmds-cdk-process-header-pmds-cdk-process-header-component-stories.1e12c470.iframe.bundle.js generate SourceMap
<s> [webpack.Progress] 92% sealing asset processing RealContentHashPlugin pm-fuel-src-lib-pmds-cdk-process-header-pmds-cdk-process-header-component-stories.1e12c470.iframe.bundle.js generated SourceMap
<s> [webpack.Progress] 92% sealing asset processing RealContentHashPlugin pm-fuel-src-lib-pmds-cdk-profile-photo-pmds-cdk-profile-photo-component-stories.1270b161.iframe.bundle.js generate SourceMap
<s> [webpack.Progress] 92% sealing asset processing RealContentHashPlugin pm-fuel-src-lib-pmds-cdk-profile-photo-pmds-cdk-profile-photo-component-stories.1270b161.iframe.bundle.js generated SourceMap
<s> [webpack.Progress] 92% sealing asset processing RealContentHashPlugin pm-fuel-src-lib-pmds-cdk-radio-buttons-pmds-cdk-radio-buttons-component-stories.a4a04441.iframe.bundle.js generate SourceMap
<s> [webpack.Progress] 92% sealing asset processing RealContentHashPlugin pm-fuel-src-lib-pmds-cdk-radio-buttons-pmds-cdk-radio-buttons-component-stories.a4a04441.iframe.bundle.js generated SourceMap
<s> [webpack.Progress] 92% sealing asset processing RealContentHashPlugin pm-fuel-src-lib-pmds-cdk-shortcut-pmds-cdk-shortcut-component-stories.a4624150.iframe.bundle.js generate SourceMap
<s> [webpack.Progress] 92% sealing asset processing RealContentHashPlugin pm-fuel-src-lib-pmds-cdk-shortcut-pmds-cdk-shortcut-component-stories.a4624150.iframe.bundle.js generated SourceMap
<s> [webpack.Progress] 92% sealing asset processing RealContentHashPlugin pm-fuel-src-lib-pmds-cdk-skeleton-pmds-cdk-skeleton-component-stories.4f931283.iframe.bundle.js generate SourceMap
<s> [webpack.Progress] 92% sealing asset processing RealContentHashPlugin pm-fuel-src-lib-pmds-cdk-skeleton-pmds-cdk-skeleton-component-stories.4f931283.iframe.bundle.js generated SourceMap
<s> [webpack.Progress] 92% sealing asset processing RealContentHashPlugin pm-fuel-src-lib-pmds-cdk-stepper-pmds-cdk-stepper-component-stories.a3b826e0.iframe.bundle.js generate SourceMap
<s> [webpack.Progress] 92% sealing asset processing RealContentHashPlugin pm-fuel-src-lib-pmds-cdk-stepper-pmds-cdk-stepper-component-stories.a3b826e0.iframe.bundle.js generated SourceMap
<s> [webpack.Progress] 92% sealing asset processing RealContentHashPlugin pm-fuel-src-lib-pmds-cdk-sticky-button-bar-pmds-cdk-sticky-button-bar-component-stories.72c78717.iframe.bundle.js generate SourceMap
<s> [webpack.Progress] 92% sealing asset processing RealContentHashPlugin pm-fuel-src-lib-pmds-cdk-sticky-button-bar-pmds-cdk-sticky-button-bar-component-stories.72c78717.iframe.bundle.js generated SourceMap
<s> [webpack.Progress] 92% sealing asset processing RealContentHashPlugin pm-fuel-src-lib-pmds-cdk-table-complete-pmds-cdk-table-complete-component-stories.dcde8f7a.iframe.bundle.js generate SourceMap
<s> [webpack.Progress] 92% sealing asset processing RealContentHashPlugin pm-fuel-src-lib-pmds-cdk-table-complete-pmds-cdk-table-complete-component-stories.dcde8f7a.iframe.bundle.js generated SourceMap
<s> [webpack.Progress] 92% sealing asset processing RealContentHashPlugin pm-fuel-src-lib-pmds-cdk-table-pmds-cdk-table-component-stories.34e8a2e6.iframe.bundle.js generate SourceMap
<s> [webpack.Progress] 92% sealing asset processing RealContentHashPlugin pm-fuel-src-lib-pmds-cdk-table-pmds-cdk-table-component-stories.34e8a2e6.iframe.bundle.js generated SourceMap
<s> [webpack.Progress] 92% sealing asset processing RealContentHashPlugin pm-fuel-src-lib-pmds-cdk-tabs-pmds-cdk-tabs-component-stories.faf09421.iframe.bundle.js generate SourceMap
<s> [webpack.Progress] 92% sealing asset processing RealContentHashPlugin pm-fuel-src-lib-pmds-cdk-tabs-pmds-cdk-tabs-component-stories.faf09421.iframe.bundle.js generated SourceMap
<s> [webpack.Progress] 92% sealing asset processing RealContentHashPlugin pm-fuel-src-lib-pmds-cdk-tag-category-pmds-cdk-tag-category-component-stories.5f4cce3e.iframe.bundle.js generate SourceMap
<s> [webpack.Progress] 92% sealing asset processing RealContentHashPlugin pm-fuel-src-lib-pmds-cdk-tag-category-pmds-cdk-tag-category-component-stories.5f4cce3e.iframe.bundle.js generated SourceMap
<s> [webpack.Progress] 92% sealing asset processing RealContentHashPlugin pm-fuel-src-lib-pmds-cdk-tag-label-pmds-cdk-tag-label-component-stories.62167386.iframe.bundle.js generate SourceMap
<s> [webpack.Progress] 92% sealing asset processing RealContentHashPlugin pm-fuel-src-lib-pmds-cdk-tag-label-pmds-cdk-tag-label-component-stories.62167386.iframe.bundle.js generated SourceMap
<s> [webpack.Progress] 92% sealing asset processing RealContentHashPlugin pm-fuel-src-lib-pmds-cdk-text-field-pmds-cdk-text-field-component-stories.ff9b514d.iframe.bundle.js generate SourceMap
<s> [webpack.Progress] 92% sealing asset processing RealContentHashPlugin pm-fuel-src-lib-pmds-cdk-text-field-pmds-cdk-text-field-component-stories.ff9b514d.iframe.bundle.js generated SourceMap
<s> [webpack.Progress] 92% sealing asset processing RealContentHashPlugin pm-fuel-src-lib-pmds-cdk-text-input-pmds-cdk-text-input-component-stories.67d2ba53.iframe.bundle.js generate SourceMap
<s> [webpack.Progress] 92% sealing asset processing RealContentHashPlugin pm-fuel-src-lib-pmds-cdk-text-input-pmds-cdk-text-input-component-stories.67d2ba53.iframe.bundle.js generated SourceMap
<s> [webpack.Progress] 92% sealing asset processing RealContentHashPlugin pm-fuel-src-lib-pmds-cdk-text-pmds-cdk-text-component-stories.a936077e.iframe.bundle.js generate SourceMap
<s> [webpack.Progress] 92% sealing asset processing RealContentHashPlugin pm-fuel-src-lib-pmds-cdk-text-pmds-cdk-text-component-stories.a936077e.iframe.bundle.js generated SourceMap
<s> [webpack.Progress] 92% sealing asset processing RealContentHashPlugin pm-fuel-src-lib-pmds-cdk-textarea-pmds-cdk-textarea-component-stories.2ff9e25e.iframe.bundle.js generate SourceMap
<s> [webpack.Progress] 92% sealing asset processing RealContentHashPlugin pm-fuel-src-lib-pmds-cdk-textarea-pmds-cdk-textarea-component-stories.2ff9e25e.iframe.bundle.js generated SourceMap
<s> [webpack.Progress] 92% sealing asset processing RealContentHashPlugin pm-fuel-src-lib-pmds-cdk-time-input-pmds-cdk-time-input-component-stories.1b751446.iframe.bundle.js generate SourceMap
<s> [webpack.Progress] 92% sealing asset processing RealContentHashPlugin pm-fuel-src-lib-pmds-cdk-time-input-pmds-cdk-time-input-component-stories.1b751446.iframe.bundle.js generated SourceMap
<s> [webpack.Progress] 92% sealing asset processing RealContentHashPlugin pm-fuel-src-lib-pmds-cdk-timeline-tracking-pmds-cdk-timeline-tracking-component-stories.695e918b.iframe.bundle.js generate SourceMap
<s> [webpack.Progress] 92% sealing asset processing RealContentHashPlugin pm-fuel-src-lib-pmds-cdk-timeline-tracking-pmds-cdk-timeline-tracking-component-stories.695e918b.iframe.bundle.js generated SourceMap
<s> [webpack.Progress] 92% sealing asset processing RealContentHashPlugin pm-fuel-src-lib-pmds-cdk-toast-pmds-cdk-toast-component-stories.d1d39c4e.iframe.bundle.js generate SourceMap
<s> [webpack.Progress] 92% sealing asset processing RealContentHashPlugin pm-fuel-src-lib-pmds-cdk-toast-pmds-cdk-toast-component-stories.d1d39c4e.iframe.bundle.js generated SourceMap
<s> [webpack.Progress] 92% sealing asset processing RealContentHashPlugin pm-fuel-src-lib-pmds-cdk-toggle-switch-pmds-cdk-toggle-switch-component-stories.a6c18607.iframe.bundle.js generate SourceMap
<s> [webpack.Progress] 92% sealing asset processing RealContentHashPlugin pm-fuel-src-lib-pmds-cdk-toggle-switch-pmds-cdk-toggle-switch-component-stories.a6c18607.iframe.bundle.js generated SourceMap
<s> [webpack.Progress] 92% sealing asset processing RealContentHashPlugin pm-fuel-src-lib-utils-pmds-util-history-routing-pmds-util-history-routing-service-stories.4569eb69.iframe.bundle.js generate SourceMap
<s> [webpack.Progress] 92% sealing asset processing RealContentHashPlugin pm-fuel-src-lib-utils-pmds-util-history-routing-pmds-util-history-routing-service-stories.4569eb69.iframe.bundle.js generated SourceMap
<s> [webpack.Progress] 92% sealing asset processing RealContentHashPlugin pm-fuel-src-lib-utils-pmds-util-img-flags-pmds-util-img-flags-util-stories.cd71dbd7.iframe.bundle.js generate SourceMap
<s> [webpack.Progress] 92% sealing asset processing RealContentHashPlugin pm-fuel-src-lib-utils-pmds-util-img-flags-pmds-util-img-flags-util-stories.cd71dbd7.iframe.bundle.js generated SourceMap
<s> [webpack.Progress] 92% sealing asset processing RealContentHashPlugin pm-fuel-src-lib-utils-pmds-util-img-svgs-pmds-util-img-svgs-util-stories.29c1c389.iframe.bundle.js generate SourceMap
<s> [webpack.Progress] 92% sealing asset processing RealContentHashPlugin pm-fuel-src-lib-utils-pmds-util-img-svgs-pmds-util-img-svgs-util-stories.29c1c389.iframe.bundle.js generated SourceMap
<s> [webpack.Progress] 92% sealing asset processing RealContentHashPlugin pm-fuel-src-lib-utils-pmds-util-styles-pmds-util-colors-stories.ad7dc121.iframe.bundle.js generate SourceMap
<s> [webpack.Progress] 92% sealing asset processing RealContentHashPlugin pm-fuel-src-lib-utils-pmds-util-styles-pmds-util-colors-stories.ad7dc121.iframe.bundle.js generated SourceMap
<s> [webpack.Progress] 92% sealing asset processing RealContentHashPlugin pm-fuel-src-lib-utils-pmds-util-styles-pmds-util-fonts-stories.61b60b6e.iframe.bundle.js generate SourceMap
<s> [webpack.Progress] 92% sealing asset processing RealContentHashPlugin pm-fuel-src-lib-utils-pmds-util-styles-pmds-util-fonts-stories.61b60b6e.iframe.bundle.js generated SourceMap
<s> [webpack.Progress] 92% sealing asset processing RealContentHashPlugin pm-fuel-src-lib-utils-pmds-util-styles-pmds-util-icons-stories.acd1e16a.iframe.bundle.js generate SourceMap
<s> [webpack.Progress] 92% sealing asset processing RealContentHashPlugin pm-fuel-src-lib-utils-pmds-util-styles-pmds-util-icons-stories.acd1e16a.iframe.bundle.js generated SourceMap
<s> [webpack.Progress] 92% sealing asset processing RealContentHashPlugin pm-fuel-src-lib-utils-pmds-util-validators-pmds-util-validators-util-stories.2011b37c.iframe.bundle.js generate SourceMap
<s> [webpack.Progress] 92% sealing asset processing RealContentHashPlugin pm-fuel-src-lib-utils-pmds-util-validators-pmds-util-validators-util-stories.2011b37c.iframe.bundle.js generated SourceMap
<s> [webpack.Progress] 92% sealing asset processing RealContentHashPlugin 9614.4c0fcb98.iframe.bundle.js generate SourceMap
<s> [webpack.Progress] 92% sealing asset processing RealContentHashPlugin 9614.4c0fcb98.iframe.bundle.js generated SourceMap
<s> [webpack.Progress] 92% sealing asset processing RealContentHashPlugin 2026.851d86e7.iframe.bundle.js generate SourceMap
<s> [webpack.Progress] 92% sealing asset processing RealContentHashPlugin 2026.851d86e7.iframe.bundle.js generated SourceMap
<s> [webpack.Progress] 92% sealing asset processing RealContentHashPlugin 1619.b15b85b6.iframe.bundle.js generate SourceMap
<s> [webpack.Progress] 92% sealing asset processing RealContentHashPlugin 1619.b15b85b6.iframe.bundle.js generated SourceMap
<s> [webpack.Progress] 92% sealing asset processing RealContentHashPlugin 5115.9e30fb1b.iframe.bundle.js generate SourceMap
<s> [webpack.Progress] 92% sealing asset processing RealContentHashPlugin 5115.9e30fb1b.iframe.bundle.js generated SourceMap
<s> [webpack.Progress] 92% sealing asset processing RealContentHashPlugin 7974.fab27031.iframe.bundle.js generate SourceMap
<s> [webpack.Progress] 92% sealing asset processing RealContentHashPlugin 7974.fab27031.iframe.bundle.js generated SourceMap
<s> [webpack.Progress] 92% sealing asset processing RealContentHashPlugin 8439.7613b196.iframe.bundle.js generate SourceMap
<s> [webpack.Progress] 92% sealing asset processing RealContentHashPlugin 8439.7613b196.iframe.bundle.js generated SourceMap
<s> [webpack.Progress] 92% sealing asset processing RealContentHashPlugin 8533.53dea869.iframe.bundle.js generate SourceMap
<s> [webpack.Progress] 92% sealing asset processing RealContentHashPlugin 8533.53dea869.iframe.bundle.js generated SourceMap
<s> [webpack.Progress] 92% sealing asset processing RealContentHashPlugin 2973.7f5d87db.iframe.bundle.js generate SourceMap
<s> [webpack.Progress] 92% sealing asset processing RealContentHashPlugin 2973.7f5d87db.iframe.bundle.js generated SourceMap
<s> [webpack.Progress] 92% sealing asset processing RealContentHashPlugin 2078.e20ae44d.iframe.bundle.js generate SourceMap
<s> [webpack.Progress] 92% sealing asset processing RealContentHashPlugin 2078.e20ae44d.iframe.bundle.js generated SourceMap
<s> [webpack.Progress] 92% sealing asset processing RealContentHashPlugin 3361.6d49a65d.iframe.bundle.js generate SourceMap
<s> [webpack.Progress] 92% sealing asset processing RealContentHashPlugin 3361.6d49a65d.iframe.bundle.js generated SourceMap
<s> [webpack.Progress] 92% sealing asset processing RealContentHashPlugin 1089.fb3b44e1.iframe.bundle.js generate SourceMap
<s> [webpack.Progress] 92% sealing asset processing RealContentHashPlugin 1089.fb3b44e1.iframe.bundle.js generated SourceMap
<s> [webpack.Progress] 92% sealing asset processing RealContentHashPlugin 6752.22fa3204.iframe.bundle.js generate SourceMap
<s> [webpack.Progress] 92% sealing asset processing RealContentHashPlugin 6752.22fa3204.iframe.bundle.js generated SourceMap
<s> [webpack.Progress] 92% sealing asset processing RealContentHashPlugin 9242.867e38cb.iframe.bundle.js generate SourceMap
<s> [webpack.Progress] 92% sealing asset processing RealContentHashPlugin 9242.867e38cb.iframe.bundle.js generated SourceMap
<s> [webpack.Progress] 92% sealing asset processing RealContentHashPlugin 5893.3f4851f0.iframe.bundle.js generate SourceMap
<s> [webpack.Progress] 92% sealing asset processing RealContentHashPlugin 5893.3f4851f0.iframe.bundle.js generated SourceMap
<s> [webpack.Progress] 92% sealing asset processing RealContentHashPlugin 640.d945b7e8.iframe.bundle.js generate SourceMap
<s> [webpack.Progress] 92% sealing asset processing RealContentHashPlugin 640.d945b7e8.iframe.bundle.js generated SourceMap
<s> [webpack.Progress] 92% sealing asset processing RealContentHashPlugin 3631.8e957426.iframe.bundle.js generate SourceMap
<s> [webpack.Progress] 92% sealing asset processing RealContentHashPlugin 3631.8e957426.iframe.bundle.js generated SourceMap
<s> [webpack.Progress] 92% sealing asset processing RealContentHashPlugin 2793.8b74d736.iframe.bundle.js generate SourceMap
<s> [webpack.Progress] 92% sealing asset processing RealContentHashPlugin 2793.8b74d736.iframe.bundle.js generated SourceMap
<s> [webpack.Progress] 92% sealing asset processing RealContentHashPlugin 3859.8c8fb834.iframe.bundle.js generate SourceMap
<s> [webpack.Progress] 92% sealing asset processing RealContentHashPlugin 3859.8c8fb834.iframe.bundle.js generated SourceMap
<s> [webpack.Progress] 92% sealing asset processing RealContentHashPlugin 6952.b9224823.iframe.bundle.js generate SourceMap
<s> [webpack.Progress] 92% sealing asset processing RealContentHashPlugin 6952.b9224823.iframe.bundle.js generated SourceMap
<s> [webpack.Progress] 92% sealing asset processing RealContentHashPlugin landing-page-pages-end-page-mdx.2003af77.iframe.bundle.js generate SourceMap
<s> [webpack.Progress] 92% sealing asset processing RealContentHashPlugin landing-page-pages-end-page-mdx.2003af77.iframe.bundle.js generated SourceMap
<s> [webpack.Progress] 92% sealing asset processing RealContentHashPlugin landing-page-pages-hub-page-mdx.08163b7a.iframe.bundle.js generate SourceMap
<s> [webpack.Progress] 92% sealing asset processing RealContentHashPlugin landing-page-pages-hub-page-mdx.08163b7a.iframe.bundle.js generated SourceMap
<s> [webpack.Progress] 92% sealing asset processing RealContentHashPlugin landing-page-pages-initial-page-mdx.dc6d9507.iframe.bundle.js generate SourceMap
<s> [webpack.Progress] 92% sealing asset processing RealContentHashPlugin landing-page-pages-initial-page-mdx.dc6d9507.iframe.bundle.js generated SourceMap
<s> [webpack.Progress] 92% sealing asset processing RealContentHashPlugin landing-page-pages-utilities-page-mdx.a589f2a0.iframe.bundle.js generate SourceMap
<s> [webpack.Progress] 92% sealing asset processing RealContentHashPlugin landing-page-pages-utilities-page-mdx.a589f2a0.iframe.bundle.js generated SourceMap
<s> [webpack.Progress] 92% sealing asset processing RealContentHashPlugin pm-fuel-src-lib-directives-pmds-directive-number-format-directive-pmds-directive-number-format-directive-directive-stories.ce35511b.iframe.bundle.js generate SourceMap
<s> [webpack.Progress] 92% sealing asset processing RealContentHashPlugin pm-fuel-src-lib-directives-pmds-directive-number-format-directive-pmds-directive-number-format-directive-directive-stories.ce35511b.iframe.bundle.js generated SourceMap
<s> [webpack.Progress] 92% sealing asset processing RealContentHashPlugin pm-fuel-src-lib-pipes-pmds-pipe-amount-format-pmds-pipe-amount-format-pipe-stories.830eeee7.iframe.bundle.js generate SourceMap
<s> [webpack.Progress] 92% sealing asset processing RealContentHashPlugin pm-fuel-src-lib-pipes-pmds-pipe-amount-format-pmds-pipe-amount-format-pipe-stories.830eeee7.iframe.bundle.js generated SourceMap
<s> [webpack.Progress] 92% sealing asset processing RealContentHashPlugin pm-fuel-src-lib-pmds-cdk-sidebar-embedded-pmds-cdk-sidebar-embedded-component-stories.9188f7a0.iframe.bundle.js generate SourceMap
<s> [webpack.Progress] 92% sealing asset processing RealContentHashPlugin pm-fuel-src-lib-pmds-cdk-sidebar-embedded-pmds-cdk-sidebar-embedded-component-stories.9188f7a0.iframe.bundle.js generated SourceMap
<s> [webpack.Progress] 92% sealing asset processing RealContentHashPlugin 5252.f63ff554.iframe.bundle.js generate SourceMap
<s> [webpack.Progress] 92% sealing asset processing RealContentHashPlugin 5252.f63ff554.iframe.bundle.js generated SourceMap
<s> [webpack.Progress] 92% sealing asset processing RealContentHashPlugin 6676.08bdf9e4.iframe.bundle.js generate SourceMap
<s> [webpack.Progress] 92% sealing asset processing RealContentHashPlugin 6676.08bdf9e4.iframe.bundle.js generated SourceMap
<s> [webpack.Progress] 92% sealing asset processing RealContentHashPlugin resolve sources
<s> [webpack.Progress] 92% sealing asset processing RealContentHashPlugin
<s> [webpack.Progress] 92% sealing asset processing angular-occurrences-plugin
<s> [webpack.Progress] 92% sealing asset processing AnyComponentStyleBudgetChecker
<s> [webpack.Progress] 92% sealing asset processing
<s> [webpack.Progress] 93% sealing after asset optimization
<s> [webpack.Progress] 93% sealing after asset optimization
<s> [webpack.Progress] 94% sealing after seal
<s> [webpack.Progress] 94% sealing after seal
<s> [webpack.Progress] 99% done plugins
<s> [webpack.Progress] 99% done plugins CaseSensitivePathsPlugin
<s> [webpack.Progress] 99% done plugins
<s> [webpack.Progress] 99% 
<s> [webpack.Progress] 99% cache begin idle
<s> [webpack.Progress] 99% cache begin idle
<s> [webpack.Progress] 100% 
[38;2;241;97;97mModule build failed (from ./node_modules/postcss-loader/dist/cjs.js):
Error: Cannot find module './libs/pmds-common/src/lib/utils/pmds-util-styles/src/assets/styles/tailwind.base.config'
Require stack:
- ./tailwind.base.config.js
    at Module._resolveFilename (node:internal/modules/cjs/loader:1420:15)
    at require.resolve (node:internal/modules/helpers:163:19)
    at _resolve (./node_modules/jiti/dist/jiti.js:1:246378)
    at jiti (./node_modules/jiti/dist/jiti.js:1:249092)
    at ./tailwind.base.config.js:1:90
    at evalModule (./node_modules/jiti/dist/jiti.js:1:251913)
    at jiti (./node_modules/jiti/dist/jiti.js:1:249841)
    at <anonymous> (./apps/pmds-hub-storybook/tailwind.config.js:2:32)
    at evalModule (./node_modules/jiti/dist/jiti.js:1:251913)
    at jiti (./node_modules/jiti/dist/jiti.js:1:249841)
    at ./node_modules/tailwindcss/lib/lib/load-config.js:52:26
    at loadConfig (./node_modules/tailwindcss/lib/lib/load-config.js:62:6)
    at getTailwindConfig (./node_modules/tailwindcss/lib/lib/setupTrackingContext.js:71:116)
    at ./node_modules/tailwindcss/lib/lib/setupTrackingContext.js:100:92
    at ./node_modules/tailwindcss/lib/processTailwindFeatures.js:46:11
    at plugins (./node_modules/tailwindcss/lib/plugin.js:38:69)
    at LazyResult.runOnRoot (./node_modules/@angular-devkit/build-angular/node_modules/postcss/lib/lazy-result.js:361:16)
    at LazyResult.runAsync (./node_modules/@angular-devkit/build-angular/node_modules/postcss/lib/lazy-result.js:290:26)
    at LazyResult.async (./node_modules/@angular-devkit/build-angular/node_modules/postcss/lib/lazy-result.js:192:30)
    at LazyResult.then (./node_modules/@angular-devkit/build-angular/node_modules/postcss/lib/lazy-result.js:436:17)
    at async Object.loader (./node_modules/postcss-loader/dist/index.js:84:14)[39m
[38;2;241;97;97mModule build failed (from ./node_modules/postcss-loader/dist/cjs.js):
Error: Cannot find module './libs/pmds-common/src/lib/utils/pmds-util-styles/src/assets/styles/tailwind.base.config'
Require stack:
- ./tailwind.base.config.js
    at Module._resolveFilename (node:internal/modules/cjs/loader:1420:15)
    at require.resolve (node:internal/modules/helpers:163:19)
    at _resolve (./node_modules/jiti/dist/jiti.js:1:246378)
    at jiti (./node_modules/jiti/dist/jiti.js:1:249092)
    at ./tailwind.base.config.js:1:90
    at evalModule (./node_modules/jiti/dist/jiti.js:1:251913)
    at jiti (./node_modules/jiti/dist/jiti.js:1:249841)
    at <anonymous> (./apps/pmds-hub-storybook/tailwind.config.js:2:32)
    at evalModule (./node_modules/jiti/dist/jiti.js:1:251913)
    at jiti (./node_modules/jiti/dist/jiti.js:1:249841)
    at ./node_modules/tailwindcss/lib/lib/load-config.js:52:26
    at loadConfig (./node_modules/tailwindcss/lib/lib/load-config.js:62:6)
    at getTailwindConfig (./node_modules/tailwindcss/lib/lib/setupTrackingContext.js:71:116)
    at ./node_modules/tailwindcss/lib/lib/setupTrackingContext.js:100:92
    at ./node_modules/tailwindcss/lib/processTailwindFeatures.js:46:11
    at plugins (./node_modules/tailwindcss/lib/plugin.js:38:69)
    at LazyResult.runOnRoot (./node_modules/@angular-devkit/build-angular/node_modules/postcss/lib/lazy-result.js:361:16)
    at LazyResult.runAsync (./node_modules/@angular-devkit/build-angular/node_modules/postcss/lib/lazy-result.js:290:26)
    at LazyResult.async (./node_modules/@angular-devkit/build-angular/node_modules/postcss/lib/lazy-result.js:192:30)
    at LazyResult.then (./node_modules/@angular-devkit/build-angular/node_modules/postcss/lib/lazy-result.js:436:17)
    at async Object.loader (./node_modules/postcss-loader/dist/index.js:84:14)[39m
[38;2;241;97;97mModule build failed (from ./node_modules/postcss-loader/dist/cjs.js):
Error: Cannot find module './libs/pmds-common/src/lib/utils/pmds-util-styles/src/assets/styles/tailwind.base.config'
Require stack:
- ./tailwind.base.config.js
    at Module._resolveFilename (node:internal/modules/cjs/loader:1420:15)
    at require.resolve (node:internal/modules/helpers:163:19)
    at _resolve (./node_modules/jiti/dist/jiti.js:1:246378)
    at jiti (./node_modules/jiti/dist/jiti.js:1:249092)
    at ./tailwind.base.config.js:1:90
    at evalModule (./node_modules/jiti/dist/jiti.js:1:251913)
    at jiti (./node_modules/jiti/dist/jiti.js:1:249841)
    at <anonymous> (./apps/pmds-hub-storybook/tailwind.config.js:2:32)
    at evalModule (./node_modules/jiti/dist/jiti.js:1:251913)
    at jiti (./node_modules/jiti/dist/jiti.js:1:249841)
    at ./node_modules/tailwindcss/lib/lib/load-config.js:52:26
    at loadConfig (./node_modules/tailwindcss/lib/lib/load-config.js:62:6)
    at getTailwindConfig (./node_modules/tailwindcss/lib/lib/setupTrackingContext.js:71:116)
    at ./node_modules/tailwindcss/lib/lib/setupTrackingContext.js:100:92
    at ./node_modules/tailwindcss/lib/processTailwindFeatures.js:46:11
    at plugins (./node_modules/tailwindcss/lib/plugin.js:38:69)
    at LazyResult.runOnRoot (./node_modules/@angular-devkit/build-angular/node_modules/postcss/lib/lazy-result.js:361:16)
    at LazyResult.runAsync (./node_modules/@angular-devkit/build-angular/node_modules/postcss/lib/lazy-result.js:290:26)
    at LazyResult.async (./node_modules/@angular-devkit/build-angular/node_modules/postcss/lib/lazy-result.js:192:30)
    at LazyResult.then (./node_modules/@angular-devkit/build-angular/node_modules/postcss/lib/lazy-result.js:436:17)
    at async Object.loader (./node_modules/postcss-loader/dist/index.js:84:14)[39m
[38;2;241;97;97mModule build failed (from ./node_modules/postcss-loader/dist/cjs.js):
Error: Cannot find module './libs/pmds-common/src/lib/utils/pmds-util-styles/src/assets/styles/tailwind.base.config'
Require stack:
- ./tailwind.base.config.js
    at Module._resolveFilename (node:internal/modules/cjs/loader:1420:15)
    at require.resolve (node:internal/modules/helpers:163:19)
    at _resolve (./node_modules/jiti/dist/jiti.js:1:246378)
    at jiti (./node_modules/jiti/dist/jiti.js:1:249092)
    at ./tailwind.base.config.js:1:90
    at evalModule (./node_modules/jiti/dist/jiti.js:1:251913)
    at jiti (./node_modules/jiti/dist/jiti.js:1:249841)
    at <anonymous> (./apps/pmds-hub-storybook/tailwind.config.js:2:32)
    at evalModule (./node_modules/jiti/dist/jiti.js:1:251913)
    at jiti (./node_modules/jiti/dist/jiti.js:1:249841)
    at ./node_modules/tailwindcss/lib/lib/load-config.js:52:26
    at loadConfig (./node_modules/tailwindcss/lib/lib/load-config.js:62:6)
    at getTailwindConfig (./node_modules/tailwindcss/lib/lib/setupTrackingContext.js:71:116)
    at ./node_modules/tailwindcss/lib/lib/setupTrackingContext.js:100:92
    at ./node_modules/tailwindcss/lib/processTailwindFeatures.js:46:11
    at plugins (./node_modules/tailwindcss/lib/plugin.js:38:69)
    at LazyResult.runOnRoot (./node_modules/@angular-devkit/build-angular/node_modules/postcss/lib/lazy-result.js:361:16)
    at LazyResult.runAsync (./node_modules/@angular-devkit/build-angular/node_modules/postcss/lib/lazy-result.js:290:26)
    at LazyResult.async (./node_modules/@angular-devkit/build-angular/node_modules/postcss/lib/lazy-result.js:192:30)
    at LazyResult.then (./node_modules/@angular-devkit/build-angular/node_modules/postcss/lib/lazy-result.js:436:17)
    at async Object.loader (./node_modules/postcss-loader/dist/index.js:84:14)[39m
[38;2;241;97;97mModule build failed (from ./node_modules/postcss-loader/dist/cjs.js):
Error: Cannot find module './libs/pmds-common/src/lib/utils/pmds-util-styles/src/assets/styles/tailwind.base.config'
Require stack:
- ./tailwind.base.config.js
    at Module._resolveFilename (node:internal/modules/cjs/loader:1420:15)
    at require.resolve (node:internal/modules/helpers:163:19)
    at _resolve (./node_modules/jiti/dist/jiti.js:1:246378)
    at jiti (./node_modules/jiti/dist/jiti.js:1:249092)
    at ./tailwind.base.config.js:1:90
    at evalModule (./node_modules/jiti/dist/jiti.js:1:251913)
    at jiti (./node_modules/jiti/dist/jiti.js:1:249841)
    at <anonymous> (./apps/pmds-hub-storybook/tailwind.config.js:2:32)
    at evalModule (./node_modules/jiti/dist/jiti.js:1:251913)
    at jiti (./node_modules/jiti/dist/jiti.js:1:249841)
    at ./node_modules/tailwindcss/lib/lib/load-config.js:52:26
    at loadConfig (./node_modules/tailwindcss/lib/lib/load-config.js:62:6)
    at getTailwindConfig (./node_modules/tailwindcss/lib/lib/setupTrackingContext.js:71:116)
    at ./node_modules/tailwindcss/lib/lib/setupTrackingContext.js:100:92
    at ./node_modules/tailwindcss/lib/processTailwindFeatures.js:46:11
    at plugins (./node_modules/tailwindcss/lib/plugin.js:38:69)
    at LazyResult.runOnRoot (./node_modules/@angular-devkit/build-angular/node_modules/postcss/lib/lazy-result.js:361:16)
    at LazyResult.runAsync (./node_modules/@angular-devkit/build-angular/node_modules/postcss/lib/lazy-result.js:290:26)
    at LazyResult.async (./node_modules/@angular-devkit/build-angular/node_modules/postcss/lib/lazy-result.js:192:30)
    at LazyResult.then (./node_modules/@angular-devkit/build-angular/node_modules/postcss/lib/lazy-result.js:436:17)
    at async Object.loader (./node_modules/postcss-loader/dist/index.js:84:14)[39m
[38;2;241;97;97mModule build failed (from ./node_modules/@angular-devkit/build-angular/node_modules/mini-css-extract-plugin/dist/loader.js):
HookWebpackError: Module build failed (from ./node_modules/postcss-loader/dist/cjs.js):
Error: Cannot find module './libs/pmds-common/src/lib/utils/pmds-util-styles/src/assets/styles/tailwind.base.config'
Require stack:
- ./tailwind.base.config.js
    at Module._resolveFilename (node:internal/modules/cjs/loader:1420:15)
    at require.resolve (node:internal/modules/helpers:163:19)
    at _resolve (./node_modules/jiti/dist/jiti.js:1:246378)
    at jiti (./node_modules/jiti/dist/jiti.js:1:249092)
    at ./tailwind.base.config.js:1:90
    at evalModule (./node_modules/jiti/dist/jiti.js:1:251913)
    at jiti (./node_modules/jiti/dist/jiti.js:1:249841)
    at <anonymous> (./apps/pmds-hub-storybook/tailwind.config.js:2:32)
    at evalModule (./node_modules/jiti/dist/jiti.js:1:251913)
    at jiti (./node_modules/jiti/dist/jiti.js:1:249841)
    at ./node_modules/tailwindcss/lib/lib/load-config.js:52:26
    at loadConfig (./node_modules/tailwindcss/lib/lib/load-config.js:62:6)
    at getTailwindConfig (./node_modules/tailwindcss/lib/lib/setupTrackingContext.js:71:116)
    at ./node_modules/tailwindcss/lib/lib/setupTrackingContext.js:100:92
    at ./node_modules/tailwindcss/lib/processTailwindFeatures.js:46:11
    at plugins (./node_modules/tailwindcss/lib/plugin.js:38:69)
    at LazyResult.runOnRoot (./node_modules/@angular-devkit/build-angular/node_modules/postcss/lib/lazy-result.js:361:16)
    at LazyResult.runAsync (./node_modules/@angular-devkit/build-angular/node_modules/postcss/lib/lazy-result.js:290:26)
    at LazyResult.async (./node_modules/@angular-devkit/build-angular/node_modules/postcss/lib/lazy-result.js:192:30)
    at LazyResult.then (./node_modules/@angular-devkit/build-angular/node_modules/postcss/lib/lazy-result.js:436:17)
    at async Object.loader (./node_modules/postcss-loader/dist/index.js:84:14)
    at tryRunOrWebpackError (./node_modules/webpack/lib/HookWebpackError.js:86:9)
    at __webpack_require_module__ (./node_modules/webpack/lib/Compilation.js:5464:12)
    at __webpack_require__ (./node_modules/webpack/lib/Compilation.js:5411:18)
    at ./node_modules/webpack/lib/Compilation.js:5498:20
    at symbolIterator (./node_modules/neo-async/async.js:3485:9)
    at done (./node_modules/neo-async/async.js:3527:9)
    at Hook.eval [as callAsync] (eval at create (./node_modules/tapable/lib/HookCodeFactory.js:33:10), <anonymous>:15:1)
    at Hook.CALL_ASYNC_DELEGATE [as _callAsync] (./node_modules/tapable/lib/Hook.js:20:14)
    at ./node_modules/webpack/lib/Compilation.js:5386:43
    at symbolIterator (./node_modules/neo-async/async.js:3482:9)
    at timesSync (./node_modules/neo-async/async.js:2297:7)
    at Object.eachLimit (./node_modules/neo-async/async.js:3463:5)
    at ./node_modules/webpack/lib/Compilation.js:5348:16
    at symbolIterator (./node_modules/neo-async/async.js:3485:9)
    at timesSync (./node_modules/neo-async/async.js:2297:7)
    at Object.eachLimit (./node_modules/neo-async/async.js:3463:5)
    at ./node_modules/webpack/lib/Compilation.js:5316:15
    at symbolIterator (./node_modules/neo-async/async.js:3485:9)
    at done (./node_modules/neo-async/async.js:3527:9)
    at ./node_modules/webpack/lib/Compilation.js:5262:8
    at ./node_modules/webpack/lib/Compilation.js:3677:6
    at ./node_modules/webpack/lib/HookWebpackError.js:67:2
    at Hook.eval [as callAsync] (eval at create (./node_modules/tapable/lib/HookCodeFactory.js:33:10), <anonymous>:6:1)
    at Cache.store (./node_modules/webpack/lib/Cache.js:113:20)
    at ItemCacheFacade.store (./node_modules/webpack/lib/CacheFacade.js:142:15)
    at ./node_modules/webpack/lib/Compilation.js:3676:11
    at ./node_modules/webpack/lib/Cache.js:99:5
    at Hook.eval [as callAsync] (eval at create (./node_modules/tapable/lib/HookCodeFactory.js:33:10), <anonymous>:6:1)
    at Cache.get (./node_modules/webpack/lib/Cache.js:81:18)
    at ItemCacheFacade.get (./node_modules/webpack/lib/CacheFacade.js:116:15)
    at Compilation._codeGenerationModule (./node_modules/webpack/lib/Compilation.js:3644:9)
    at codeGen (./node_modules/webpack/lib/Compilation.js:5250:11)
    at symbolIterator (./node_modules/neo-async/async.js:3482:9)
    at timesSync (./node_modules/neo-async/async.js:2297:7)
    at Object.eachLimit (./node_modules/neo-async/async.js:3463:5)
    at ./node_modules/webpack/lib/Compilation.js:5280:14
    at processQueue (./node_modules/webpack/lib/util/processAsyncTree.js:61:4)
    at processTicksAndRejections (node:internal/process/task_queues:84:11)
    at runNextTicks (node:internal/process/task_queues:68:3)
    at process.processImmediate (node:internal/timers:472:9)
-- inner error --
Error: Module build failed (from ./node_modules/postcss-loader/dist/cjs.js):
Error: Cannot find module './libs/pmds-common/src/lib/utils/pmds-util-styles/src/assets/styles/tailwind.base.config'
Require stack:
- ./tailwind.base.config.js
    at Module._resolveFilename (node:internal/modules/cjs/loader:1420:15)
    at require.resolve (node:internal/modules/helpers:163:19)
    at _resolve (./node_modules/jiti/dist/jiti.js:1:246378)
    at jiti (./node_modules/jiti/dist/jiti.js:1:249092)
    at ./tailwind.base.config.js:1:90
    at evalModule (./node_modules/jiti/dist/jiti.js:1:251913)
    at jiti (./node_modules/jiti/dist/jiti.js:1:249841)
    at <anonymous> (./apps/pmds-hub-storybook/tailwind.config.js:2:32)
    at evalModule (./node_modules/jiti/dist/jiti.js:1:251913)
    at jiti (./node_modules/jiti/dist/jiti.js:1:249841)
    at ./node_modules/tailwindcss/lib/lib/load-config.js:52:26
    at loadConfig (./node_modules/tailwindcss/lib/lib/load-config.js:62:6)
    at getTailwindConfig (./node_modules/tailwindcss/lib/lib/setupTrackingContext.js:71:116)
    at ./node_modules/tailwindcss/lib/lib/setupTrackingContext.js:100:92
    at ./node_modules/tailwindcss/lib/processTailwindFeatures.js:46:11
    at plugins (./node_modules/tailwindcss/lib/plugin.js:38:69)
    at LazyResult.runOnRoot (./node_modules/@angular-devkit/build-angular/node_modules/postcss/lib/lazy-result.js:361:16)
    at LazyResult.runAsync (./node_modules/@angular-devkit/build-angular/node_modules/postcss/lib/lazy-result.js:290:26)
    at LazyResult.async (./node_modules/@angular-devkit/build-angular/node_modules/postcss/lib/lazy-result.js:192:30)
    at LazyResult.then (./node_modules/@angular-devkit/build-angular/node_modules/postcss/lib/lazy-result.js:436:17)
    at async Object.loader (./node_modules/postcss-loader/dist/index.js:84:14)
    at Object.<anonymous> (./node_modules/@angular-devkit/build-angular/node_modules/css-loader/dist/cjs.js??ruleSet[1].rules[6].rules[0].oneOf[0].use[1]!./node_modules/postcss-loader/dist/cjs.js??ruleSet[1].rules[6].rules[0].oneOf[0].use[2]!./node_modules/resolve-url-loader/index.js??ruleSet[1].rules[6].rules[1].use[0]!./node_modules/@angular-devkit/build-angular/node_modules/sass-loader/dist/cjs.js??ruleSet[1].rules[6].rules[1].use[1]!./apps/pmds-hub-storybook/src/global.scss?ngGlobalStyle:1:7)
    at ./node_modules/webpack/lib/javascript/JavascriptModulesPlugin.js:518:10
    at Hook.eval [as call] (eval at create (./node_modules/tapable/lib/HookCodeFactory.js:19:10), <anonymous>:7:1)
    at Hook.CALL_DELEGATE [as _call] (./node_modules/tapable/lib/Hook.js:16:14)
    at ./node_modules/webpack/lib/Compilation.js:5466:39
    at tryRunOrWebpackError (./node_modules/webpack/lib/HookWebpackError.js:81:7)
    at __webpack_require_module__ (./node_modules/webpack/lib/Compilation.js:5464:12)
    at __webpack_require__ (./node_modules/webpack/lib/Compilation.js:5411:18)
    at ./node_modules/webpack/lib/Compilation.js:5498:20
    at symbolIterator (./node_modules/neo-async/async.js:3485:9)
    at done (./node_modules/neo-async/async.js:3527:9)
    at Hook.eval [as callAsync] (eval at create (./node_modules/tapable/lib/HookCodeFactory.js:33:10), <anonymous>:15:1)
    at Hook.CALL_ASYNC_DELEGATE [as _callAsync] (./node_modules/tapable/lib/Hook.js:20:14)
    at ./node_modules/webpack/lib/Compilation.js:5386:43
    at symbolIterator (./node_modules/neo-async/async.js:3482:9)
    at timesSync (./node_modules/neo-async/async.js:2297:7)
    at Object.eachLimit (./node_modules/neo-async/async.js:3463:5)
    at ./node_modules/webpack/lib/Compilation.js:5348:16
    at symbolIterator (./node_modules/neo-async/async.js:3485:9)
    at timesSync (./node_modules/neo-async/async.js:2297:7)
    at Object.eachLimit (./node_modules/neo-async/async.js:3463:5)
    at ./node_modules/webpack/lib/Compilation.js:5316:15
    at symbolIterator (./node_modules/neo-async/async.js:3485:9)
    at done (./node_modules/neo-async/async.js:3527:9)
    at ./node_modules/webpack/lib/Compilation.js:5262:8
    at ./node_modules/webpack/lib/Compilation.js:3677:6
    at ./node_modules/webpack/lib/HookWebpackError.js:67:2
    at Hook.eval [as callAsync] (eval at create (./node_modules/tapable/lib/HookCodeFactory.js:33:10), <anonymous>:6:1)
    at Cache.store (./node_modules/webpack/lib/Cache.js:113:20)
    at ItemCacheFacade.store (./node_modules/webpack/lib/CacheFacade.js:142:15)
    at ./node_modules/webpack/lib/Compilation.js:3676:11
    at ./node_modules/webpack/lib/Cache.js:99:5
    at Hook.eval [as callAsync] (eval at create (./node_modules/tapable/lib/HookCodeFactory.js:33:10), <anonymous>:6:1)
    at Cache.get (./node_modules/webpack/lib/Cache.js:81:18)
    at ItemCacheFacade.get (./node_modules/webpack/lib/CacheFacade.js:116:15)
    at Compilation._codeGenerationModule (./node_modules/webpack/lib/Compilation.js:3644:9)
    at codeGen (./node_modules/webpack/lib/Compilation.js:5250:11)
    at symbolIterator (./node_modules/neo-async/async.js:3482:9)
    at timesSync (./node_modules/neo-async/async.js:2297:7)
    at Object.eachLimit (./node_modules/neo-async/async.js:3463:5)
    at ./node_modules/webpack/lib/Compilation.js:5280:14
    at processQueue (./node_modules/webpack/lib/util/processAsyncTree.js:61:4)
    at processTicksAndRejections (node:internal/process/task_queues:84:11)
    at runNextTicks (node:internal/process/task_queues:68:3)
    at process.processImmediate (node:internal/timers:472:9)
Generated code for ./node_modules/@angular-devkit/build-angular/node_modules/css-loader/dist/cjs.js??ruleSet[1].rules[6].rules[0].oneOf[0].use[1]!./node_modules/postcss-loader/dist/cjs.js??ruleSet[1].rules[6].rules[0].oneOf[0].use[2]!./node_modules/resolve-url-loader/index.js??ruleSet[1].rules[6].rules[1].use[0]!./node_modules/@angular-devkit/build-angular/node_modules/sass-loader/dist/cjs.js??ruleSet[1].rules[6].rules[1].use[1]!./apps/pmds-hub-storybook/src/global.scss?ngGlobalStyle
1 | throw new Error("Module build failed (from ./node_modules/postcss-loader/dist/cjs.js):\nError: Cannot find module './libs/pmds-common/src/lib/utils/pmds-util-styles/src/assets/styles/tailwind.base.config'\nRequire stack:\n- ./tailwind.base.config.js\n    at Module._resolveFilename (node:internal/modules/cjs/loader:1420:15)\n    at require.resolve (node:internal/modules/helpers:163:19)\n    at _resolve (./node_modules/jiti/dist/jiti.js:1:246378)\n    at jiti (./node_modules/jiti/dist/jiti.js:1:249092)\n    at ./tailwind.base.config.js:1:90\n    at evalModule (./node_modules/jiti/dist/jiti.js:1:251913)\n    at jiti (./node_modules/jiti/dist/jiti.js:1:249841)\n    at <anonymous> (./apps/pmds-hub-storybook/tailwind.config.js:2:32)\n    at evalModule (./node_modules/jiti/dist/jiti.js:1:251913)\n    at jiti (./node_modules/jiti/dist/jiti.js:1:249841)\n    at ./node_modules/tailwindcss/lib/lib/load-config.js:52:26\n    at loadConfig (./node_modules/tailwindcss/lib/lib/load-config.js:62:6)\n    at getTailwindConfig (./node_modules/tailwindcss/lib/lib/setupTrackingContext.js:71:116)\n    at ./node_modules/tailwindcss/lib/lib/setupTrackingContext.js:100:92\n    at ./node_modules/tailwindcss/lib/processTailwindFeatures.js:46:11\n    at plugins (./node_modules/tailwindcss/lib/plugin.js:38:69)\n    at LazyResult.runOnRoot (./node_modules/@angular-devkit/build-angular/node_modules/postcss/lib/lazy-result.js:361:16)\n    at LazyResult.runAsync (./node_modules/@angular-devkit/build-angular/node_modules/postcss/lib/lazy-result.js:290:26)\n    at LazyResult.async (./node_modules/@angular-devkit/build-angular/node_modules/postcss/lib/lazy-result.js:192:30)\n    at LazyResult.then (./node_modules/@angular-devkit/build-angular/node_modules/postcss/lib/lazy-result.js:436:17)\n    at async Object.loader (./node_modules/postcss-loader/dist/index.js:84:14)");[39m
[38;2;241;97;97mModule build failed (from ./node_modules/@angular-devkit/build-angular/node_modules/mini-css-extract-plugin/dist/loader.js):
HookWebpackError: Module build failed (from ./node_modules/postcss-loader/dist/cjs.js):
Error: Cannot find module './libs/pmds-common/src/lib/utils/pmds-util-styles/src/assets/styles/tailwind.base.config'
Require stack:
- ./tailwind.base.config.js
    at Module._resolveFilename (node:internal/modules/cjs/loader:1420:15)
    at require.resolve (node:internal/modules/helpers:163:19)
    at _resolve (./node_modules/jiti/dist/jiti.js:1:246378)
    at jiti (./node_modules/jiti/dist/jiti.js:1:249092)
    at ./tailwind.base.config.js:1:90
    at evalModule (./node_modules/jiti/dist/jiti.js:1:251913)
    at jiti (./node_modules/jiti/dist/jiti.js:1:249841)
    at <anonymous> (./apps/pmds-hub-storybook/tailwind.config.js:2:32)
    at evalModule (./node_modules/jiti/dist/jiti.js:1:251913)
    at jiti (./node_modules/jiti/dist/jiti.js:1:249841)
    at ./node_modules/tailwindcss/lib/lib/load-config.js:52:26
    at loadConfig (./node_modules/tailwindcss/lib/lib/load-config.js:62:6)
    at getTailwindConfig (./node_modules/tailwindcss/lib/lib/setupTrackingContext.js:71:116)
    at ./node_modules/tailwindcss/lib/lib/setupTrackingContext.js:100:92
    at ./node_modules/tailwindcss/lib/processTailwindFeatures.js:46:11
    at plugins (./node_modules/tailwindcss/lib/plugin.js:38:69)
    at LazyResult.runOnRoot (./node_modules/@angular-devkit/build-angular/node_modules/postcss/lib/lazy-result.js:361:16)
    at LazyResult.runAsync (./node_modules/@angular-devkit/build-angular/node_modules/postcss/lib/lazy-result.js:290:26)
    at LazyResult.async (./node_modules/@angular-devkit/build-angular/node_modules/postcss/lib/lazy-result.js:192:30)
    at LazyResult.then (./node_modules/@angular-devkit/build-angular/node_modules/postcss/lib/lazy-result.js:436:17)
    at async Object.loader (./node_modules/postcss-loader/dist/index.js:84:14)
    at tryRunOrWebpackError (./node_modules/webpack/lib/HookWebpackError.js:86:9)
    at __webpack_require_module__ (./node_modules/webpack/lib/Compilation.js:5464:12)
    at __webpack_require__ (./node_modules/webpack/lib/Compilation.js:5411:18)
    at ./node_modules/webpack/lib/Compilation.js:5498:20
    at symbolIterator (./node_modules/neo-async/async.js:3485:9)
    at done (./node_modules/neo-async/async.js:3527:9)
    at Hook.eval [as callAsync] (eval at create (./node_modules/tapable/lib/HookCodeFactory.js:33:10), <anonymous>:15:1)
    at ./node_modules/webpack/lib/Compilation.js:5386:43
    at symbolIterator (./node_modules/neo-async/async.js:3482:9)
    at timesSync (./node_modules/neo-async/async.js:2297:7)
    at Object.eachLimit (./node_modules/neo-async/async.js:3463:5)
    at ./node_modules/webpack/lib/Compilation.js:5348:16
    at symbolIterator (./node_modules/neo-async/async.js:3485:9)
    at timesSync (./node_modules/neo-async/async.js:2297:7)
    at Object.eachLimit (./node_modules/neo-async/async.js:3463:5)
    at ./node_modules/webpack/lib/Compilation.js:5316:15
    at symbolIterator (./node_modules/neo-async/async.js:3485:9)
    at done (./node_modules/neo-async/async.js:3527:9)
    at ./node_modules/webpack/lib/Compilation.js:5262:8
    at ./node_modules/webpack/lib/Compilation.js:3677:6
    at ./node_modules/webpack/lib/HookWebpackError.js:67:2
    at Hook.eval [as callAsync] (eval at create (./node_modules/tapable/lib/HookCodeFactory.js:33:10), <anonymous>:6:1)
    at Cache.store (./node_modules/webpack/lib/Cache.js:113:20)
    at ItemCacheFacade.store (./node_modules/webpack/lib/CacheFacade.js:142:15)
    at ./node_modules/webpack/lib/Compilation.js:3676:11
    at ./node_modules/webpack/lib/Cache.js:99:5
    at Hook.eval [as callAsync] (eval at create (./node_modules/tapable/lib/HookCodeFactory.js:33:10), <anonymous>:6:1)
    at Cache.get (./node_modules/webpack/lib/Cache.js:81:18)
    at ItemCacheFacade.get (./node_modules/webpack/lib/CacheFacade.js:116:15)
    at Compilation._codeGenerationModule (./node_modules/webpack/lib/Compilation.js:3644:9)
    at codeGen (./node_modules/webpack/lib/Compilation.js:5250:11)
    at symbolIterator (./node_modules/neo-async/async.js:3482:9)
    at timesSync (./node_modules/neo-async/async.js:2297:7)
    at Object.eachLimit (./node_modules/neo-async/async.js:3463:5)
    at ./node_modules/webpack/lib/Compilation.js:5280:14
    at processQueue (./node_modules/webpack/lib/util/processAsyncTree.js:61:4)
    at processTicksAndRejections (node:internal/process/task_queues:84:11)
    at runNextTicks (node:internal/process/task_queues:68:3)
    at process.processImmediate (node:internal/timers:472:9)
-- inner error --
Error: Module build failed (from ./node_modules/postcss-loader/dist/cjs.js):
Error: Cannot find module './libs/pmds-common/src/lib/utils/pmds-util-styles/src/assets/styles/tailwind.base.config'
Require stack:
- ./tailwind.base.config.js
    at Module._resolveFilename (node:internal/modules/cjs/loader:1420:15)
    at require.resolve (node:internal/modules/helpers:163:19)
    at _resolve (./node_modules/jiti/dist/jiti.js:1:246378)
    at jiti (./node_modules/jiti/dist/jiti.js:1:249092)
    at ./tailwind.base.config.js:1:90
    at evalModule (./node_modules/jiti/dist/jiti.js:1:251913)
    at jiti (./node_modules/jiti/dist/jiti.js:1:249841)
    at <anonymous> (./apps/pmds-hub-storybook/tailwind.config.js:2:32)
    at evalModule (./node_modules/jiti/dist/jiti.js:1:251913)
    at jiti (./node_modules/jiti/dist/jiti.js:1:249841)
    at ./node_modules/tailwindcss/lib/lib/load-config.js:52:26
    at loadConfig (./node_modules/tailwindcss/lib/lib/load-config.js:62:6)
    at getTailwindConfig (./node_modules/tailwindcss/lib/lib/setupTrackingContext.js:71:116)
    at ./node_modules/tailwindcss/lib/lib/setupTrackingContext.js:100:92
    at ./node_modules/tailwindcss/lib/processTailwindFeatures.js:46:11
    at plugins (./node_modules/tailwindcss/lib/plugin.js:38:69)
    at LazyResult.runOnRoot (./node_modules/@angular-devkit/build-angular/node_modules/postcss/lib/lazy-result.js:361:16)
    at LazyResult.runAsync (./node_modules/@angular-devkit/build-angular/node_modules/postcss/lib/lazy-result.js:290:26)
    at LazyResult.async (./node_modules/@angular-devkit/build-angular/node_modules/postcss/lib/lazy-result.js:192:30)
    at LazyResult.then (./node_modules/@angular-devkit/build-angular/node_modules/postcss/lib/lazy-result.js:436:17)
    at async Object.loader (./node_modules/postcss-loader/dist/index.js:84:14)
    at Object.<anonymous> (./node_modules/@angular-devkit/build-angular/node_modules/css-loader/dist/cjs.js??ruleSet[1].rules[6].rules[0].oneOf[0].use[1]!./node_modules/postcss-loader/dist/cjs.js??ruleSet[1].rules[6].rules[0].oneOf[0].use[2]!./node_modules/resolve-url-loader/index.js??ruleSet[1].rules[6].rules[1].use[0]!./node_modules/@angular-devkit/build-angular/node_modules/sass-loader/dist/cjs.js??ruleSet[1].rules[6].rules[1].use[1]!./apps/pmds-hub-storybook/src/styles.scss?ngGlobalStyle:1:7)
    at ./node_modules/webpack/lib/javascript/JavascriptModulesPlugin.js:518:10
    at Hook.eval [as call] (eval at create (./node_modules/tapable/lib/HookCodeFactory.js:19:10), <anonymous>:7:1)
    at ./node_modules/webpack/lib/Compilation.js:5466:39
    at tryRunOrWebpackError (./node_modules/webpack/lib/HookWebpackError.js:81:7)
    at __webpack_require_module__ (./node_modules/webpack/lib/Compilation.js:5464:12)
    at __webpack_require__ (./node_modules/webpack/lib/Compilation.js:5411:18)
    at ./node_modules/webpack/lib/Compilation.js:5498:20
    at symbolIterator (./node_modules/neo-async/async.js:3485:9)
    at done (./node_modules/neo-async/async.js:3527:9)
    at Hook.eval [as callAsync] (eval at create (./node_modules/tapable/lib/HookCodeFactory.js:33:10), <anonymous>:15:1)
    at ./node_modules/webpack/lib/Compilation.js:5386:43
    at symbolIterator (./node_modules/neo-async/async.js:3482:9)
    at timesSync (./node_modules/neo-async/async.js:2297:7)
    at Object.eachLimit (./node_modules/neo-async/async.js:3463:5)
    at ./node_modules/webpack/lib/Compilation.js:5348:16
    at symbolIterator (./node_modules/neo-async/async.js:3485:9)
    at timesSync (./node_modules/neo-async/async.js:2297:7)
    at Object.eachLimit (./node_modules/neo-async/async.js:3463:5)
    at ./node_modules/webpack/lib/Compilation.js:5316:15
    at symbolIterator (./node_modules/neo-async/async.js:3485:9)
    at done (./node_modules/neo-async/async.js:3527:9)
    at ./node_modules/webpack/lib/Compilation.js:5262:8
    at ./node_modules/webpack/lib/Compilation.js:3677:6
    at ./node_modules/webpack/lib/HookWebpackError.js:67:2
    at Hook.eval [as callAsync] (eval at create (./node_modules/tapable/lib/HookCodeFactory.js:33:10), <anonymous>:6:1)
    at Cache.store (./node_modules/webpack/lib/Cache.js:113:20)
    at ItemCacheFacade.store (./node_modules/webpack/lib/CacheFacade.js:142:15)
    at ./node_modules/webpack/lib/Compilation.js:3676:11
    at ./node_modules/webpack/lib/Cache.js:99:5
    at Hook.eval [as callAsync] (eval at create (./node_modules/tapable/lib/HookCodeFactory.js:33:10), <anonymous>:6:1)
    at Cache.get (./node_modules/webpack/lib/Cache.js:81:18)
    at ItemCacheFacade.get (./node_modules/webpack/lib/CacheFacade.js:116:15)
    at Compilation._codeGenerationModule (./node_modules/webpack/lib/Compilation.js:3644:9)
    at codeGen (./node_modules/webpack/lib/Compilation.js:5250:11)
    at symbolIterator (./node_modules/neo-async/async.js:3482:9)
    at timesSync (./node_modules/neo-async/async.js:2297:7)
    at Object.eachLimit (./node_modules/neo-async/async.js:3463:5)
    at ./node_modules/webpack/lib/Compilation.js:5280:14
    at processQueue (./node_modules/webpack/lib/util/processAsyncTree.js:61:4)
    at processTicksAndRejections (node:internal/process/task_queues:84:11)
    at runNextTicks (node:internal/process/task_queues:68:3)
    at process.processImmediate (node:internal/timers:472:9)
Generated code for ./node_modules/@angular-devkit/build-angular/node_modules/css-loader/dist/cjs.js??ruleSet[1].rules[6].rules[0].oneOf[0].use[1]!./node_modules/postcss-loader/dist/cjs.js??ruleSet[1].rules[6].rules[0].oneOf[0].use[2]!./node_modules/resolve-url-loader/index.js??ruleSet[1].rules[6].rules[1].use[0]!./node_modules/@angular-devkit/build-angular/node_modules/sass-loader/dist/cjs.js??ruleSet[1].rules[6].rules[1].use[1]!./apps/pmds-hub-storybook/src/styles.scss?ngGlobalStyle
1 | throw new Error("Module build failed (from ./node_modules/postcss-loader/dist/cjs.js):\nError: Cannot find module './libs/pmds-common/src/lib/utils/pmds-util-styles/src/assets/styles/tailwind.base.config'\nRequire stack:\n- ./tailwind.base.config.js\n    at Module._resolveFilename (node:internal/modules/cjs/loader:1420:15)\n    at require.resolve (node:internal/modules/helpers:163:19)\n    at _resolve (./node_modules/jiti/dist/jiti.js:1:246378)\n    at jiti (./node_modules/jiti/dist/jiti.js:1:249092)\n    at ./tailwind.base.config.js:1:90\n    at evalModule (./node_modules/jiti/dist/jiti.js:1:251913)\n    at jiti (./node_modules/jiti/dist/jiti.js:1:249841)\n    at <anonymous> (./apps/pmds-hub-storybook/tailwind.config.js:2:32)\n    at evalModule (./node_modules/jiti/dist/jiti.js:1:251913)\n    at jiti (./node_modules/jiti/dist/jiti.js:1:249841)\n    at ./node_modules/tailwindcss/lib/lib/load-config.js:52:26\n    at loadConfig (./node_modules/tailwindcss/lib/lib/load-config.js:62:6)\n    at getTailwindConfig (./node_modules/tailwindcss/lib/lib/setupTrackingContext.js:71:116)\n    at ./node_modules/tailwindcss/lib/lib/setupTrackingContext.js:100:92\n    at ./node_modules/tailwindcss/lib/processTailwindFeatures.js:46:11\n    at plugins (./node_modules/tailwindcss/lib/plugin.js:38:69)\n    at LazyResult.runOnRoot (./node_modules/@angular-devkit/build-angular/node_modules/postcss/lib/lazy-result.js:361:16)\n    at LazyResult.runAsync (./node_modules/@angular-devkit/build-angular/node_modules/postcss/lib/lazy-result.js:290:26)\n    at LazyResult.async (./node_modules/@angular-devkit/build-angular/node_modules/postcss/lib/lazy-result.js:192:30)\n    at LazyResult.then (./node_modules/@angular-devkit/build-angular/node_modules/postcss/lib/lazy-result.js:436:17)\n    at async Object.loader (./node_modules/postcss-loader/dist/index.js:84:14)");[39m
<s> [webpack.Progress] 99% cache shutdown
<s> [webpack.Progress] 99% cache shutdown
<s> [webpack.Progress] 100% 
[38;2;241;97;97m=> Failed to build the preview[39m
[38;2;241;97;97mSB_BUILDER-WEBPACK5_0003 (WebpackCompilationError): There were problems when compiling your code with Webpack.
Run Storybook with --debug-webpack for more information.[39m
    at ./node_modules/@storybook/builder-webpack5/dist/index.js:1:25403
    at ./node_modules/webpack/lib/HookWebpackError.js:67:2
    at Hook.eval [as callAsync] (eval at create (./node_modules/tapable/lib/HookCodeFactory.js:33:10), <anonymous>:11:1)
    at Hook.CALL_ASYNC_DELEGATE [as _callAsync] (./node_modules/tapable/lib/Hook.js:20:14)
    at Cache.shutdown (./node_modules/webpack/lib/Cache.js:156:23)
    at ./node_modules/webpack/lib/Compiler.js:1376:15
    at Hook.eval [as callAsync] (eval at create (./node_modules/tapable/lib/HookCodeFactory.js:33:10), <anonymous>:15:1)
    at Hook.CALL_ASYNC_DELEGATE [as _callAsync] (./node_modules/tapable/lib/Hook.js:20:14)
    at Compiler.close (./node_modules/webpack/lib/Compiler.js:1369:23)
    at ./node_modules/@storybook/builder-webpack5/dist/index.js:1:25388
    at finalCallback (./node_modules/webpack/lib/Compiler.js:496:32)
    at ./node_modules/webpack/lib/Compiler.js:520:13
    at Hook.eval [as callAsync] (eval at create (./node_modules/tapable/lib/HookCodeFactory.js:33:10), <anonymous>:23:1)
    at Hook.CALL_ASYNC_DELEGATE [as _callAsync] (./node_modules/tapable/lib/Hook.js:20:14)
    at onCompiled (./node_modules/webpack/lib/Compiler.js:518:21)
    at ./node_modules/webpack/lib/Compiler.js:1347:17
    at eval (eval at create (./node_modules/tapable/lib/HookCodeFactory.js:33:10), <anonymous>:13:1)
    at process.processTicksAndRejections (node:internal/process/task_queues:103:5)
[0m[7m[1m[31m NX [39m[22m[27m[0m  [31mBroken build, fix the error above.[39m
You may need to refresh the browser.



 NX   Running target build-storybook for project pmds-hub-storybook failed

Failed tasks:

- pmds-hub-storybook:build-storybook

Hint: run the command with --verbose for more details.

